<html>
<body>
<pre>
<h1>µVision Build Log</h1>
<h2>Tool Versions:</h2>
IDE-Version: ¦ÌVision V5.24.2.0
Copyright (C) 2017 ARM Ltd and ARM Germany GmbH. All rights reserved.
License Information: joker joker, hypersen, LIC=----
 
Tool Versions:
Toolchain:       MDK-Lite  Version: 5.24.1
Toolchain Path:  d:\Keil_v5\ARM\ARMCC\Bin
C Compiler:      Armcc.exe V5.06 update 5 (build 528)
Assembler:       Armasm.exe V5.06 update 5 (build 528)
Linker/Locator:  ArmLink.exe V5.06 update 5 (build 528)
Library Manager: ArmAr.exe V5.06 update 5 (build 528)
Hex Converter:   FromElf.exe V5.06 update 5 (build 528)
CPU DLL:         SARMCM3.DLL V5.24.1
Dialog DLL:      DCM.DLL V1.16.0.0
Target DLL:      STLink\ST-LINKIII-KEIL_SWO.dll V3.0.1.0
Dialog DLL:      TCM.DLL V1.32.0.0
 
<h2>Project:</h2>
C:\Users\Hypersen02\Desktop\3D ToF\3DToF_SDK_Lite_Test-2018-12-2\3DToF_SDK_Lite_Test\MDK-ARM\3DToF_SDK_Lite_Test.uvprojx
Project File Date:  12/03/2018

<h2>Output:</h2>
*** Using Compiler 'V5.06 update 5 (build 528)', folder: 'd:\Keil_v5\ARM\ARMCC\Bin'
Rebuild target '3DToF_SDK_Lite_Test'
assembling startup_stm32f103x6.s...
compiling fifo.c...
compiling stm32f1xx_hal_gpio_ex.c...
compiling gpio.c...
compiling usart.c...
compiling stm32f1xx_it.c...
compiling main.c...
../Src/main.c(138): warning:  #188-D: enumerated type mixed with another type
  							HAL_GPIO_WritePin(
ED1_GPIO_Port, 
ED1_Pin, 1);
../Src/main.c(141): warning:  #177-D: variable "d"  was declared but never referenced
  								DepthDataTypeDef d = data.simple_depth_data;
../Src/main.c(146): warning:  #188-D: enumerated type mixed with another type
  						HAL_GPIO_WritePin(
ED1_GPIO_Port, 
ED1_Pin, 0);
../Src/main.c(152): warning:  #188-D: enumerated type mixed with another type
  			HAL_GPIO_WritePin(
ED1_GPIO_Port, 
ED1_Pin, 0);
../Src/main.c: 4 warnings, 0 errors
compiling stm32f1xx_hal_msp.c...
compiling stm32f1xx_hal_tim.c...
compiling stm32f1xx_hal_tim_ex.c...
compiling stm32f1xx_hal_gpio.c...
compiling stm32f1xx_hal_rcc_ex.c...
compiling stm32f1xx_hal_rcc.c...
compiling stm32f1xx_hal_dma.c...
compiling stm32f1xx_hal_uart.c...
compiling stm32f1xx_hal.c...
compiling crc.c...
compiling api.c...
compiling stm32f1xx_hal_cortex.c...
compiling stm32f1xx_hal_flash_ex.c...
compiling system_stm32f1xx.c...
compiling stm32f1xx_hal_flash.c...
compiling stm32f1xx_hal_pwr.c...
compiling hal.c...
linking...
Program Size: Code=8444 RO-data=1828 RW-data=20 ZI-data=2628  
FromELF: creating hex file...
"3DToF_SDK_Lite_Test\3DToF_SDK_Lite_Test.axf" - 0 Error(s), 4 Warning(s).

<h2>Software Packages used:</h2>

Package Vendor: ARM
                http://www.keil.com/pack/ARM.CMSIS.5.1.1.pack
                ARM.CMSIS.5.1.1
                CMSIS (Cortex Microcontroller Software Interface Standard)
   * Component: CORE Version: 5.0.2

Package Vendor: Keil
                http://www.keil.com/pack/Keil.STM32F1xx_DFP.1.1.0.pack
                Keil.STM32F1xx_DFP.1.1.0
                STMicroelectronics STM32F1 Series Device Support, Drivers and Examples

<h2>Collection of Component include folders:</h2>
  .\RTE\_3DToF_SDK_Lite_Test
  d:\Keil_v5\ARM\PACK\ARM\CMSIS\5.1.1\CMSIS\Include
  d:\Keil_v5\ARM\PACK\Keil\STM32F1xx_DFP\1.1.0\Device\Include

<h2>Collection of Component Files used:</h2>

   * Component: ARM::CMSIS:CORE:5.0.2
Build Time Elapsed:  00:00:05
</pre>
</body>
</html>
