Component: ARM Compiler 5.06 update 5 (build 528) Tool: armlink [4d35e2]

==============================================================================

Section Cross References

    startup_stm32f103x6.o(RESET) refers to startup_stm32f103x6.o(STACK) for __initial_sp
    startup_stm32f103x6.o(RESET) refers to startup_stm32f103x6.o(.text) for Reset_Handler
    startup_stm32f103x6.o(RESET) refers to stm32f1xx_it.o(i.NMI_Handler) for NMI_Handler
    startup_stm32f103x6.o(RESET) refers to stm32f1xx_it.o(i.HardFault_Handler) for HardFault_Handler
    startup_stm32f103x6.o(RESET) refers to stm32f1xx_it.o(i.MemManage_Handler) for MemManage_Handler
    startup_stm32f103x6.o(RESET) refers to stm32f1xx_it.o(i.BusFault_Handler) for BusFault_Handler
    startup_stm32f103x6.o(RESET) refers to stm32f1xx_it.o(i.UsageFault_Handler) for UsageFault_Handler
    startup_stm32f103x6.o(RESET) refers to stm32f1xx_it.o(i.SVC_Handler) for SVC_Handler
    startup_stm32f103x6.o(RESET) refers to stm32f1xx_it.o(i.DebugMon_Handler) for DebugMon_Handler
    startup_stm32f103x6.o(RESET) refers to stm32f1xx_it.o(i.PendSV_Handler) for PendSV_Handler
    startup_stm32f103x6.o(RESET) refers to stm32f1xx_it.o(i.SysTick_Handler) for SysTick_Handler
    startup_stm32f103x6.o(RESET) refers to stm32f1xx_it.o(i.USART1_IRQHandler) for USART1_IRQHandler
    startup_stm32f103x6.o(.text) refers to system_stm32f1xx.o(i.SystemInit) for SystemInit
    startup_stm32f103x6.o(.text) refers to entry.o(.ARM.Collect$$$$00000000) for __main
    fifo.o(i.fifo_get) refers to memcpya.o(.text) for __aeabi_memcpy
    fifo.o(i.fifo_get_only) refers to memcpya.o(.text) for __aeabi_memcpy
    fifo.o(i.fifo_put) refers to memcpya.o(.text) for __aeabi_memcpy
    fifo.o(i.roundup_pow_of_two) refers to fifo.o(i.fls) for fls
    main.o(i.HAL_UART_RxCpltCallback) refers to main.o(.data) for g_s_uart_rx_done
    main.o(i.SystemClock_Config) refers to stm32f1xx_hal_rcc.o(i.HAL_RCC_OscConfig) for HAL_RCC_OscConfig
    main.o(i.SystemClock_Config) refers to main.o(i._Error_Handler) for _Error_Handler
    main.o(i.SystemClock_Config) refers to stm32f1xx_hal_rcc.o(i.HAL_RCC_ClockConfig) for HAL_RCC_ClockConfig
    main.o(i.SystemClock_Config) refers to stm32f1xx_hal_rcc.o(i.HAL_RCC_GetHCLKFreq) for HAL_RCC_GetHCLKFreq
    main.o(i.SystemClock_Config) refers to stm32f1xx_hal_cortex.o(i.HAL_SYSTICK_Config) for HAL_SYSTICK_Config
    main.o(i.SystemClock_Config) refers to stm32f1xx_hal_cortex.o(i.HAL_SYSTICK_CLKSourceConfig) for HAL_SYSTICK_CLKSourceConfig
    main.o(i.SystemClock_Config) refers to stm32f1xx_hal_cortex.o(i.HAL_NVIC_SetPriority) for HAL_NVIC_SetPriority
    main.o(i.main) refers to stm32f1xx_hal.o(i.HAL_Init) for HAL_Init
    main.o(i.main) refers to main.o(i.SystemClock_Config) for SystemClock_Config
    main.o(i.main) refers to gpio.o(i.MX_GPIO_Init) for MX_GPIO_Init
    main.o(i.main) refers to usart.o(i.MX_USART1_UART_Init) for MX_USART1_UART_Init
    main.o(i.main) refers to api.o(i.HPS3D_GetDevAddr) for HPS3D_GetDevAddr
    main.o(i.main) refers to api.o(i.HPS3D_Initialize) for HPS3D_Initialize
    main.o(i.main) refers to api.o(i.HPS3D_SetRunMode) for HPS3D_SetRunMode
    main.o(i.main) refers to stm32f1xx_hal_uart.o(i.HAL_UART_Receive_IT) for HAL_UART_Receive_IT
    main.o(i.main) refers to stm32f1xx_hal_uart.o(i.HAL_UART_Receive) for HAL_UART_Receive
    main.o(i.main) refers to api.o(i.HPS3D_MeasureDataParse) for HPS3D_MeasureDataParse
    main.o(i.main) refers to stm32f1xx_hal_gpio.o(i.HAL_GPIO_WritePin) for HAL_GPIO_WritePin
    main.o(i.main) refers to memcpya.o(.text) for __aeabi_memcpy4
    main.o(i.main) refers to main.o(.data) for g_s_uart_rx_done
    main.o(i.main) refers to usart.o(.bss) for huart1
    gpio.o(i.MX_GPIO_Init) refers to stm32f1xx_hal_gpio.o(i.HAL_GPIO_WritePin) for HAL_GPIO_WritePin
    gpio.o(i.MX_GPIO_Init) refers to stm32f1xx_hal_gpio.o(i.HAL_GPIO_Init) for HAL_GPIO_Init
    usart.o(i.HAL_UART_MspDeInit) refers to stm32f1xx_hal_gpio.o(i.HAL_GPIO_DeInit) for HAL_GPIO_DeInit
    usart.o(i.HAL_UART_MspDeInit) refers to stm32f1xx_hal_cortex.o(i.HAL_NVIC_DisableIRQ) for HAL_NVIC_DisableIRQ
    usart.o(i.HAL_UART_MspInit) refers to stm32f1xx_hal_gpio.o(i.HAL_GPIO_Init) for HAL_GPIO_Init
    usart.o(i.HAL_UART_MspInit) refers to stm32f1xx_hal_cortex.o(i.HAL_NVIC_SetPriority) for HAL_NVIC_SetPriority
    usart.o(i.HAL_UART_MspInit) refers to stm32f1xx_hal_cortex.o(i.HAL_NVIC_EnableIRQ) for HAL_NVIC_EnableIRQ
    usart.o(i.MX_USART1_UART_Init) refers to stm32f1xx_hal_uart.o(i.HAL_UART_Init) for HAL_UART_Init
    usart.o(i.MX_USART1_UART_Init) refers to main.o(i._Error_Handler) for _Error_Handler
    usart.o(i.MX_USART1_UART_Init) refers to usart.o(.bss) for huart1
    stm32f1xx_it.o(i.SysTick_Handler) refers to stm32f1xx_hal.o(i.HAL_IncTick) for HAL_IncTick
    stm32f1xx_it.o(i.SysTick_Handler) refers to stm32f1xx_hal_cortex.o(i.HAL_SYSTICK_IRQHandler) for HAL_SYSTICK_IRQHandler
[...]
    stm32f1xx_hal_rcc_ex.o(i.HAL_RCCEx_PeriphCLKConfig) refers to stm32f1xx_hal.o(i.HAL_GetTick) for HAL_GetTick
    stm32f1xx_hal_gpio.o(i.HAL_GPIO_EXTI_IRQHandler) refers to stm32f1xx_hal_gpio.o(i.HAL_GPIO_EXTI_Callback) for HAL_GPIO_EXTI_Callback
    stm32f1xx_hal_dma.o(i.HAL_DMA_PollForTransfer) refers to stm32f1xx_hal.o(i.HAL_GetTick) for HAL_GetTick
    stm32f1xx_hal_dma.o(i.HAL_DMA_Start) refers to stm32f1xx_hal_dma.o(i.DMA_SetConfig) for DMA_SetConfig
    stm32f1xx_hal_dma.o(i.HAL_DMA_Start_IT) refers to stm32f1xx_hal_dma.o(i.DMA_SetConfig) for DMA_SetConfig
    stm32f1xx_hal_cortex.o(i.HAL_NVIC_GetPriorityGrouping) refers to stm32f1xx_hal_cortex.o(i.NVIC_GetPriorityGrouping) for NVIC_GetPriorityGrouping
    stm32f1xx_hal_cortex.o(i.HAL_NVIC_SetPriority) refers to stm32f1xx_hal_cortex.o(i.NVIC_GetPriorityGrouping) for NVIC_GetPriorityGrouping
    stm32f1xx_hal_cortex.o(i.HAL_NVIC_SetPriority) refers to stm32f1xx_hal_cortex.o(i.NVIC_SetPriority) for NVIC_SetPriority
    stm32f1xx_hal_cortex.o(i.HAL_SYSTICK_Config) refers to stm32f1xx_hal_cortex.o(i.NVIC_SetPriority) for NVIC_SetPriority
    stm32f1xx_hal_cortex.o(i.HAL_SYSTICK_IRQHandler) refers to stm32f1xx_hal_cortex.o(i.HAL_SYSTICK_Callback) for HAL_SYSTICK_Callback
    stm32f1xx_hal_pwr.o(i.HAL_PWR_EnterSTOPMode) refers to stm32f1xx_hal_pwr.o(i.PWR_OverloadWfe) for PWR_OverloadWfe
    stm32f1xx_hal_pwr.o(i.HAL_PWR_PVD_IRQHandler) refers to stm32f1xx_hal_pwr.o(i.HAL_PWR_PVDCallback) for HAL_PWR_PVDCallback
    stm32f1xx_hal_flash.o(i.FLASH_Program_HalfWord) refers to stm32f1xx_hal_flash.o(.bss) for pFlash
    stm32f1xx_hal_flash.o(i.FLASH_SetErrorCode) refers to stm32f1xx_hal_flash.o(.bss) for pFlash
    stm32f1xx_hal_flash.o(i.FLASH_WaitForLastOperation) refers to stm32f1xx_hal.o(i.HAL_GetTick) for HAL_GetTick
    stm32f1xx_hal_flash.o(i.FLASH_WaitForLastOperation) refers to stm32f1xx_hal_flash.o(i.FLASH_SetErrorCode) for FLASH_SetErrorCode
    stm32f1xx_hal_flash.o(i.HAL_FLASH_GetError) refers to stm32f1xx_hal_flash.o(.bss) for pFlash
    stm32f1xx_hal_flash.o(i.HAL_FLASH_IRQHandler) refers to stm32f1xx_hal_flash.o(i.FLASH_SetErrorCode) for FLASH_SetErrorCode
    stm32f1xx_hal_flash.o(i.HAL_FLASH_IRQHandler) refers to stm32f1xx_hal_flash.o(i.HAL_FLASH_OperationErrorCallback) for HAL_FLASH_OperationErrorCallback
    stm32f1xx_hal_flash.o(i.HAL_FLASH_IRQHandler) refers to stm32f1xx_hal_flash.o(i.HAL_FLASH_EndOfOperationCallback) for HAL_FLASH_EndOfOperationCallback
    stm32f1xx_hal_flash.o(i.HAL_FLASH_IRQHandler) refers to stm32f1xx_hal_flash_ex.o(i.FLASH_PageErase) for FLASH_PageErase
    stm32f1xx_hal_flash.o(i.HAL_FLASH_IRQHandler) refers to stm32f1xx_hal_flash.o(i.FLASH_Program_HalfWord) for FLASH_Program_HalfWord
    stm32f1xx_hal_flash.o(i.HAL_FLASH_IRQHandler) refers to stm32f1xx_hal_flash.o(.bss) for pFlash
    stm32f1xx_hal_flash.o(i.HAL_FLASH_OB_Launch) refers to stm32f1xx_hal_cortex.o(i.HAL_NVIC_SystemReset) for HAL_NVIC_SystemReset
    stm32f1xx_hal_flash.o(i.HAL_FLASH_Program) refers to stm32f1xx_hal_flash.o(i.FLASH_WaitForLastOperation) for FLASH_WaitForLastOperation
    stm32f1xx_hal_flash.o(i.HAL_FLASH_Program) refers to llushr.o(.text) for __aeabi_llsr
    stm32f1xx_hal_flash.o(i.HAL_FLASH_Program) refers to stm32f1xx_hal_flash.o(i.FLASH_Program_HalfWord) for FLASH_Program_HalfWord
    stm32f1xx_hal_flash.o(i.HAL_FLASH_Program) refers to stm32f1xx_hal_flash.o(.bss) for pFlash
    stm32f1xx_hal_flash.o(i.HAL_FLASH_Program_IT) refers to stm32f1xx_hal_flash.o(i.FLASH_Program_HalfWord) for FLASH_Program_HalfWord
    stm32f1xx_hal_flash.o(i.HAL_FLASH_Program_IT) refers to stm32f1xx_hal_flash.o(.bss) for pFlash
    stm32f1xx_hal_flash_ex.o(i.FLASH_MassErase) refers to stm32f1xx_hal_flash.o(.bss) for pFlash
    stm32f1xx_hal_flash_ex.o(i.FLASH_OB_DisableWRP) refers to stm32f1xx_hal_flash_ex.o(i.FLASH_OB_GetWRP) for FLASH_OB_GetWRP
    stm32f1xx_hal_flash_ex.o(i.FLASH_OB_DisableWRP) refers to stm32f1xx_hal_flash.o(i.FLASH_WaitForLastOperation) for FLASH_WaitForLastOperation
    stm32f1xx_hal_flash_ex.o(i.FLASH_OB_DisableWRP) refers to stm32f1xx_hal_flash_ex.o(i.HAL_FLASHEx_OBErase) for HAL_FLASHEx_OBErase
    stm32f1xx_hal_flash_ex.o(i.FLASH_OB_DisableWRP) refers to stm32f1xx_hal_flash.o(.bss) for pFlash
    stm32f1xx_hal_flash_ex.o(i.FLASH_OB_EnableWRP) refers to stm32f1xx_hal_flash_ex.o(i.FLASH_OB_GetWRP) for FLASH_OB_GetWRP
    stm32f1xx_hal_flash_ex.o(i.FLASH_OB_EnableWRP) refers to stm32f1xx_hal_flash.o(i.FLASH_WaitForLastOperation) for FLASH_WaitForLastOperation
    stm32f1xx_hal_flash_ex.o(i.FLASH_OB_EnableWRP) refers to stm32f1xx_hal_flash_ex.o(i.HAL_FLASHEx_OBErase) for HAL_FLASHEx_OBErase
    stm32f1xx_hal_flash_ex.o(i.FLASH_OB_EnableWRP) refers to stm32f1xx_hal_flash.o(.bss) for pFlash
    stm32f1xx_hal_flash_ex.o(i.FLASH_OB_ProgramData) refers to stm32f1xx_hal_flash.o(i.FLASH_WaitForLastOperation) for FLASH_WaitForLastOperation
    stm32f1xx_hal_flash_ex.o(i.FLASH_OB_ProgramData) refers to stm32f1xx_hal_flash.o(.bss) for pFlash
    stm32f1xx_hal_flash_ex.o(i.FLASH_OB_RDP_LevelConfig) refers to stm32f1xx_hal_flash.o(i.FLASH_WaitForLastOperation) for FLASH_WaitForLastOperation
    stm32f1xx_hal_flash_ex.o(i.FLASH_OB_RDP_LevelConfig) refers to stm32f1xx_hal_flash.o(.bss) for pFlash
    stm32f1xx_hal_flash_ex.o(i.FLASH_OB_UserConfig) refers to stm32f1xx_hal_flash.o(i.FLASH_WaitForLastOperation) for FLASH_WaitForLastOperation
    stm32f1xx_hal_flash_ex.o(i.FLASH_OB_UserConfig) refers to stm32f1xx_hal_flash.o(.bss) for pFlash
    stm32f1xx_hal_flash_ex.o(i.FLASH_PageErase) refers to stm32f1xx_hal_flash.o(.bss) for pFlash
    stm32f1xx_hal_flash_ex.o(i.HAL_FLASHEx_Erase) refers to stm32f1xx_hal_flash.o(i.FLASH_WaitForLastOperation) for FLASH_WaitForLastOperation
    stm32f1xx_hal_flash_ex.o(i.HAL_FLASHEx_Erase) refers to stm32f1xx_hal_flash_ex.o(i.FLASH_MassErase) for FLASH_MassErase
    stm32f1xx_hal_flash_ex.o(i.HAL_FLASHEx_Erase) refers to stm32f1xx_hal_flash_ex.o(i.FLASH_PageErase) for FLASH_PageErase
    stm32f1xx_hal_flash_ex.o(i.HAL_FLASHEx_Erase) refers to stm32f1xx_hal_flash.o(.bss) for pFlash
    stm32f1xx_hal_flash_ex.o(i.HAL_FLASHEx_Erase_IT) refers to stm32f1xx_hal_flash_ex.o(i.FLASH_MassErase) for FLASH_MassErase
    stm32f1xx_hal_flash_ex.o(i.HAL_FLASHEx_Erase_IT) refers to stm32f1xx_hal_flash_ex.o(i.FLASH_PageErase) for FLASH_PageErase
    stm32f1xx_hal_flash_ex.o(i.HAL_FLASHEx_Erase_IT) refers to stm32f1xx_hal_flash.o(.bss) for pFlash
    stm32f1xx_hal_flash_ex.o(i.HAL_FLASHEx_OBErase) refers to stm32f1xx_hal_flash_ex.o(i.FLASH_OB_GetRDP) for FLASH_OB_GetRDP
    stm32f1xx_hal_flash_ex.o(i.HAL_FLASHEx_OBErase) refers to stm32f1xx_hal_flash.o(i.FLASH_WaitForLastOperation) for FLASH_WaitForLastOperation
    stm32f1xx_hal_flash_ex.o(i.HAL_FLASHEx_OBErase) refers to stm32f1xx_hal_flash_ex.o(i.FLASH_OB_RDP_LevelConfig) for FLASH_OB_RDP_LevelConfig
    stm32f1xx_hal_flash_ex.o(i.HAL_FLASHEx_OBErase) refers to stm32f1xx_hal_flash.o(.bss) for pFlash
    stm32f1xx_hal_flash_ex.o(i.HAL_FLASHEx_OBGetConfig) refers to stm32f1xx_hal_flash_ex.o(i.FLASH_OB_GetWRP) for FLASH_OB_GetWRP
    stm32f1xx_hal_flash_ex.o(i.HAL_FLASHEx_OBGetConfig) refers to stm32f1xx_hal_flash_ex.o(i.FLASH_OB_GetRDP) for FLASH_OB_GetRDP
    stm32f1xx_hal_flash_ex.o(i.HAL_FLASHEx_OBGetConfig) refers to stm32f1xx_hal_flash_ex.o(i.FLASH_OB_GetUser) for FLASH_OB_GetUser
    stm32f1xx_hal_flash_ex.o(i.HAL_FLASHEx_OBProgram) refers to stm32f1xx_hal_flash_ex.o(i.FLASH_OB_EnableWRP) for FLASH_OB_EnableWRP
    stm32f1xx_hal_flash_ex.o(i.HAL_FLASHEx_OBProgram) refers to stm32f1xx_hal_flash_ex.o(i.FLASH_OB_DisableWRP) for FLASH_OB_DisableWRP
    stm32f1xx_hal_flash_ex.o(i.HAL_FLASHEx_OBProgram) refers to stm32f1xx_hal_flash_ex.o(i.FLASH_OB_RDP_LevelConfig) for FLASH_OB_RDP_LevelConfig
    stm32f1xx_hal_flash_ex.o(i.HAL_FLASHEx_OBProgram) refers to stm32f1xx_hal_flash_ex.o(i.FLASH_OB_UserConfig) for FLASH_OB_UserConfig
    stm32f1xx_hal_flash_ex.o(i.HAL_FLASHEx_OBProgram) refers to stm32f1xx_hal_flash_ex.o(i.FLASH_OB_ProgramData) for FLASH_OB_ProgramData
    stm32f1xx_hal_flash_ex.o(i.HAL_FLASHEx_OBProgram) refers to stm32f1xx_hal_flash.o(.bss) for pFlash
    system_stm32f1xx.o(i.SystemCoreClockUpdate) refers to system_stm32f1xx.o(.data) for SystemCoreClock
    system_stm32f1xx.o(i.SystemCoreClockUpdate) refers to system_stm32f1xx.o(.constdata) for AHBPrescTable
    api.o(i.CRC_VerifyPacket) refers to crc.o(i.crc16_cal) for crc16_cal
    api.o(i.Cmd_CreatePack) refers to crc.o(i.crc16_cal) for crc16_cal
    api.o(i.Cmd_UnPack) refers to api.o(i.CRC_VerifyPacket) for CRC_VerifyPacket
    api.o(i.HAL_SimpleCommunication) refers to hal.o(i.Uart_Write) for Uart_Write
    api.o(i.HAL_SimpleCommunication) refers to hal.o(i.Uart_Read) for Uart_Read
    api.o(i.HPS3D_GetDevAddr) refers to memseta.o(.text) for __aeabi_memclr4
    api.o(i.HPS3D_GetDevAddr) refers to api.o(i.Cmd_CreatePack) for Cmd_CreatePack
    api.o(i.HPS3D_GetDevAddr) refers to api.o(i.HAL_SimpleCommunication) for HAL_SimpleCommunication
    api.o(i.HPS3D_GetDevAddr) refers to api.o(i.Cmd_UnPack) for Cmd_UnPack
    api.o(i.HPS3D_GetDeviceVersion) refers to memseta.o(.text) for __aeabi_memclr4
    api.o(i.HPS3D_GetDeviceVersion) refers to api.o(i.Cmd_CreatePack) for Cmd_CreatePack
    api.o(i.HPS3D_GetDeviceVersion) refers to api.o(i.HAL_SimpleCommunication) for HAL_SimpleCommunication
    api.o(i.HPS3D_GetDeviceVersion) refers to api.o(i.Cmd_UnPack) for Cmd_UnPack
    api.o(i.HPS3D_GetDistanceOffset) refers to memseta.o(.text) for __aeabi_memclr4
    api.o(i.HPS3D_GetDistanceOffset) refers to api.o(i.Cmd_CreatePack) for Cmd_CreatePack
    api.o(i.HPS3D_GetDistanceOffset) refers to api.o(i.HAL_SimpleCommunication) for HAL_SimpleCommunication
    api.o(i.HPS3D_GetDistanceOffset) refers to api.o(i.Cmd_UnPack) for Cmd_UnPack
    api.o(i.HPS3D_GetGPIOInConf) refers to memseta.o(.text) for __aeabi_memclr4
    api.o(i.HPS3D_GetGPIOInConf) refers to api.o(i.Cmd_CreatePack) for Cmd_CreatePack
    api.o(i.HPS3D_GetGPIOInConf) refers to api.o(i.HAL_SimpleCommunication) for HAL_SimpleCommunication
    api.o(i.HPS3D_GetGPIOInConf) refers to api.o(i.Cmd_UnPack) for Cmd_UnPack
    api.o(i.HPS3D_GetGPIOOutConf) refers to memseta.o(.text) for __aeabi_memclr4
    api.o(i.HPS3D_GetGPIOOutConf) refers to api.o(i.Cmd_CreatePack) for Cmd_CreatePack
    api.o(i.HPS3D_GetGPIOOutConf) refers to api.o(i.HAL_SimpleCommunication) for HAL_SimpleCommunication
    api.o(i.HPS3D_GetGPIOOutConf) refers to api.o(i.Cmd_UnPack) for Cmd_UnPack
    api.o(i.HPS3D_GetHDRConfig) refers to memseta.o(.text) for __aeabi_memclr4
    api.o(i.HPS3D_GetHDRConfig) refers to api.o(i.Cmd_CreatePack) for Cmd_CreatePack
    api.o(i.HPS3D_GetHDRConfig) refers to api.o(i.HAL_SimpleCommunication) for HAL_SimpleCommunication
    api.o(i.HPS3D_GetHDRConfig) refers to api.o(i.Cmd_UnPack) for Cmd_UnPack
    api.o(i.HPS3D_GetHDRConfig) refers to fflti.o(.text) for __aeabi_i2f
    api.o(i.HPS3D_GetHDRConfig) refers to fdiv.o(.text) for __aeabi_fdiv
    api.o(i.HPS3D_GetIntegTime) refers to memseta.o(.text) for __aeabi_memclr4
    api.o(i.HPS3D_GetIntegTime) refers to api.o(i.Cmd_CreatePack) for Cmd_CreatePack
    api.o(i.HPS3D_GetIntegTime) refers to api.o(i.HAL_SimpleCommunication) for HAL_SimpleCommunication
    api.o(i.HPS3D_GetIntegTime) refers to api.o(i.Cmd_UnPack) for Cmd_UnPack
    api.o(i.HPS3D_GetNumberOfROI) refers to memseta.o(.text) for __aeabi_memclr4
    api.o(i.HPS3D_GetNumberOfROI) refers to api.o(i.Cmd_CreatePack) for Cmd_CreatePack
    api.o(i.HPS3D_GetNumberOfROI) refers to api.o(i.HAL_SimpleCommunication) for HAL_SimpleCommunication
    api.o(i.HPS3D_GetNumberOfROI) refers to api.o(i.Cmd_UnPack) for Cmd_UnPack
    api.o(i.HPS3D_GetOpticalParamConf) refers to memseta.o(.text) for __aeabi_memclr4
    api.o(i.HPS3D_GetOpticalParamConf) refers to api.o(i.Cmd_CreatePack) for Cmd_CreatePack
    api.o(i.HPS3D_GetOpticalParamConf) refers to api.o(i.HAL_SimpleCommunication) for HAL_SimpleCommunication
    api.o(i.HPS3D_GetOpticalParamConf) refers to api.o(i.Cmd_UnPack) for Cmd_UnPack
    api.o(i.HPS3D_GetPacketType) refers to memseta.o(.text) for __aeabi_memclr4
    api.o(i.HPS3D_GetPacketType) refers to api.o(i.Cmd_CreatePack) for Cmd_CreatePack
    api.o(i.HPS3D_GetPacketType) refers to api.o(i.HAL_SimpleCommunication) for HAL_SimpleCommunication
    api.o(i.HPS3D_GetPacketType) refers to api.o(i.Cmd_UnPack) for Cmd_UnPack
    api.o(i.HPS3D_GetROIConfById) refers to memseta.o(.text) for __aeabi_memclr4
    api.o(i.HPS3D_GetROIConfById) refers to api.o(i.Cmd_CreatePack) for Cmd_CreatePack
    api.o(i.HPS3D_GetROIConfById) refers to api.o(i.HAL_SimpleCommunication) for HAL_SimpleCommunication
    api.o(i.HPS3D_GetROIConfById) refers to api.o(i.Cmd_UnPack) for Cmd_UnPack
    api.o(i.HPS3D_GetROIGroupID) refers to memseta.o(.text) for __aeabi_memclr4
    api.o(i.HPS3D_GetROIGroupID) refers to api.o(i.Cmd_CreatePack) for Cmd_CreatePack
    api.o(i.HPS3D_GetROIGroupID) refers to api.o(i.HAL_SimpleCommunication) for HAL_SimpleCommunication
    api.o(i.HPS3D_GetROIGroupID) refers to api.o(i.Cmd_UnPack) for Cmd_UnPack
    api.o(i.HPS3D_Initialize) refers to api.o(i.HPS3D_SetRunMode) for HPS3D_SetRunMode
    api.o(i.HPS3D_Initialize) refers to hal.o(i.Delay_Ms) for Delay_Ms
    api.o(i.HPS3D_Initialize) refers to api.o(i.HPS3D_GetDevAddr) for HPS3D_GetDevAddr
    api.o(i.HPS3D_Initialize) refers to api.o(i.HPS3D_GetDeviceVersion) for HPS3D_GetDeviceVersion
    api.o(i.HPS3D_Initialize) refers to api.o(i.HPS3D_SetPacketType) for HPS3D_SetPacketType
    api.o(i.HPS3D_MeasureDataParse) refers to api.o(i.CRC_VerifyPacket) for CRC_VerifyPacket
    api.o(i.HPS3D_ProfileClearCurrent) refers to memseta.o(.text) for __aeabi_memclr4
    api.o(i.HPS3D_ProfileClearCurrent) refers to api.o(i.Cmd_CreatePack) for Cmd_CreatePack
    api.o(i.HPS3D_ProfileClearCurrent) refers to api.o(i.HAL_SimpleCommunication) for HAL_SimpleCommunication
    api.o(i.HPS3D_ProfileClearCurrent) refers to api.o(i.Cmd_UnPack) for Cmd_UnPack
    api.o(i.HPS3D_ProfileRestoreFactory) refers to memseta.o(.text) for __aeabi_memclr4
    api.o(i.HPS3D_ProfileRestoreFactory) refers to api.o(i.Cmd_CreatePack) for Cmd_CreatePack
    api.o(i.HPS3D_ProfileRestoreFactory) refers to api.o(i.HAL_SimpleCommunication) for HAL_SimpleCommunication
    api.o(i.HPS3D_ProfileRestoreFactory) refers to api.o(i.Cmd_UnPack) for Cmd_UnPack
    api.o(i.HPS3D_ProfileSaveToCurrent) refers to memseta.o(.text) for __aeabi_memclr4
    api.o(i.HPS3D_ProfileSaveToCurrent) refers to api.o(i.Cmd_CreatePack) for Cmd_CreatePack
    api.o(i.HPS3D_ProfileSaveToCurrent) refers to api.o(i.HAL_SimpleCommunication) for HAL_SimpleCommunication
    api.o(i.HPS3D_ProfileSaveToCurrent) refers to api.o(i.Cmd_UnPack) for Cmd_UnPack
    api.o(i.HPS3D_SelectROIGroup) refers to memseta.o(.text) for __aeabi_memclr4
    api.o(i.HPS3D_SelectROIGroup) refers to api.o(i.Cmd_CreatePack) for Cmd_CreatePack
    api.o(i.HPS3D_SelectROIGroup) refers to api.o(i.HAL_SimpleCommunication) for HAL_SimpleCommunication
    api.o(i.HPS3D_SelectROIGroup) refers to api.o(i.Cmd_UnPack) for Cmd_UnPack
    api.o(i.HPS3D_SetAutoHDRConfig) refers to memseta.o(.text) for __aeabi_memclr4
    api.o(i.HPS3D_SetAutoHDRConfig) refers to fmul.o(.text) for __aeabi_fmul
    api.o(i.HPS3D_SetAutoHDRConfig) refers to ffixi.o(.text) for __aeabi_f2iz
    api.o(i.HPS3D_SetAutoHDRConfig) refers to api.o(i.Cmd_CreatePack) for Cmd_CreatePack
    api.o(i.HPS3D_SetAutoHDRConfig) refers to api.o(i.HAL_SimpleCommunication) for HAL_SimpleCommunication
    api.o(i.HPS3D_SetAutoHDRConfig) refers to api.o(i.Cmd_UnPack) for Cmd_UnPack
    api.o(i.HPS3D_SetDevAddr) refers to memseta.o(.text) for __aeabi_memclr4
    api.o(i.HPS3D_SetDevAddr) refers to api.o(i.Cmd_CreatePack) for Cmd_CreatePack
    api.o(i.HPS3D_SetDevAddr) refers to api.o(i.HAL_SimpleCommunication) for HAL_SimpleCommunication
    api.o(i.HPS3D_SetDevAddr) refers to api.o(i.Cmd_UnPack) for Cmd_UnPack
    api.o(i.HPS3D_SetDistanceFilterType) refers to memseta.o(.text) for __aeabi_memclr4
    api.o(i.HPS3D_SetDistanceFilterType) refers to api.o(i.Cmd_CreatePack) for Cmd_CreatePack
    api.o(i.HPS3D_SetDistanceFilterType) refers to api.o(i.HAL_SimpleCommunication) for HAL_SimpleCommunication
    api.o(i.HPS3D_SetDistanceFilterType) refers to api.o(i.Cmd_UnPack) for Cmd_UnPack
    api.o(i.HPS3D_SetDistanceOffset) refers to memseta.o(.text) for __aeabi_memclr4
    api.o(i.HPS3D_SetDistanceOffset) refers to api.o(i.Cmd_CreatePack) for Cmd_CreatePack
    api.o(i.HPS3D_SetDistanceOffset) refers to api.o(i.HAL_SimpleCommunication) for HAL_SimpleCommunication
    api.o(i.HPS3D_SetDistanceOffset) refers to api.o(i.Cmd_UnPack) for Cmd_UnPack
    api.o(i.HPS3D_SetGPIOIn) refers to memseta.o(.text) for __aeabi_memclr4
    api.o(i.HPS3D_SetGPIOIn) refers to api.o(i.Cmd_CreatePack) for Cmd_CreatePack
    api.o(i.HPS3D_SetGPIOIn) refers to api.o(i.HAL_SimpleCommunication) for HAL_SimpleCommunication
    api.o(i.HPS3D_SetGPIOIn) refers to api.o(i.Cmd_UnPack) for Cmd_UnPack
    api.o(i.HPS3D_SetGPIOOut) refers to memseta.o(.text) for __aeabi_memclr4
    api.o(i.HPS3D_SetGPIOOut) refers to api.o(i.Cmd_CreatePack) for Cmd_CreatePack
    api.o(i.HPS3D_SetGPIOOut) refers to api.o(i.HAL_SimpleCommunication) for HAL_SimpleCommunication
    api.o(i.HPS3D_SetGPIOOut) refers to api.o(i.Cmd_UnPack) for Cmd_UnPack
    api.o(i.HPS3D_SetGPOUT1_Val) refers to memseta.o(.text) for __aeabi_memclr4
    api.o(i.HPS3D_SetGPOUT1_Val) refers to api.o(i.Cmd_CreatePack) for Cmd_CreatePack
    api.o(i.HPS3D_SetGPOUT1_Val) refers to api.o(i.HAL_SimpleCommunication) for HAL_SimpleCommunication
    api.o(i.HPS3D_SetGPOUT1_Val) refers to api.o(i.Cmd_UnPack) for Cmd_UnPack
    api.o(i.HPS3D_SetHDRMode) refers to memseta.o(.text) for __aeabi_memclr4
    api.o(i.HPS3D_SetHDRMode) refers to api.o(i.Cmd_CreatePack) for Cmd_CreatePack
    api.o(i.HPS3D_SetHDRMode) refers to api.o(i.HAL_SimpleCommunication) for HAL_SimpleCommunication
    api.o(i.HPS3D_SetHDRMode) refers to api.o(i.Cmd_UnPack) for Cmd_UnPack
    api.o(i.HPS3D_SetIntegrationTime) refers to memseta.o(.text) for __aeabi_memclr4
    api.o(i.HPS3D_SetIntegrationTime) refers to api.o(i.Cmd_CreatePack) for Cmd_CreatePack
    api.o(i.HPS3D_SetIntegrationTime) refers to api.o(i.HAL_SimpleCommunication) for HAL_SimpleCommunication
    api.o(i.HPS3D_SetIntegrationTime) refers to api.o(i.Cmd_UnPack) for Cmd_UnPack
    api.o(i.HPS3D_SetOpticalEnable) refers to memseta.o(.text) for __aeabi_memclr4
    api.o(i.HPS3D_SetOpticalEnable) refers to api.o(i.Cmd_CreatePack) for Cmd_CreatePack
    api.o(i.HPS3D_SetOpticalEnable) refers to api.o(i.HAL_SimpleCommunication) for HAL_SimpleCommunication
    api.o(i.HPS3D_SetOpticalEnable) refers to api.o(i.Cmd_UnPack) for Cmd_UnPack
    api.o(i.HPS3D_SetOutputDataType) refers to memseta.o(.text) for __aeabi_memclr4
    api.o(i.HPS3D_SetOutputDataType) refers to api.o(i.Cmd_CreatePack) for Cmd_CreatePack
    api.o(i.HPS3D_SetOutputDataType) refers to api.o(i.HAL_SimpleCommunication) for HAL_SimpleCommunication
    api.o(i.HPS3D_SetOutputDataType) refers to api.o(i.Cmd_UnPack) for Cmd_UnPack
    api.o(i.HPS3D_SetPacketType) refers to memseta.o(.text) for __aeabi_memclr4
    api.o(i.HPS3D_SetPacketType) refers to api.o(i.Cmd_CreatePack) for Cmd_CreatePack
    api.o(i.HPS3D_SetPacketType) refers to api.o(i.HAL_SimpleCommunication) for HAL_SimpleCommunication
    api.o(i.HPS3D_SetPacketType) refers to api.o(i.Cmd_UnPack) for Cmd_UnPack
    api.o(i.HPS3D_SetROIAlarmType) refers to memseta.o(.text) for __aeabi_memclr4
    api.o(i.HPS3D_SetROIAlarmType) refers to api.o(i.Cmd_CreatePack) for Cmd_CreatePack
    api.o(i.HPS3D_SetROIAlarmType) refers to api.o(i.HAL_SimpleCommunication) for HAL_SimpleCommunication
    api.o(i.HPS3D_SetROIAlarmType) refers to api.o(i.Cmd_UnPack) for Cmd_UnPack
    api.o(i.HPS3D_SetROIEnable) refers to memseta.o(.text) for __aeabi_memclr4
    api.o(i.HPS3D_SetROIEnable) refers to api.o(i.Cmd_CreatePack) for Cmd_CreatePack
    api.o(i.HPS3D_SetROIEnable) refers to api.o(i.HAL_SimpleCommunication) for HAL_SimpleCommunication
    api.o(i.HPS3D_SetROIEnable) refers to api.o(i.Cmd_UnPack) for Cmd_UnPack
    api.o(i.HPS3D_SetROIReferenceType) refers to memseta.o(.text) for __aeabi_memclr4
    api.o(i.HPS3D_SetROIReferenceType) refers to api.o(i.Cmd_CreatePack) for Cmd_CreatePack
    api.o(i.HPS3D_SetROIReferenceType) refers to api.o(i.HAL_SimpleCommunication) for HAL_SimpleCommunication
    api.o(i.HPS3D_SetROIReferenceType) refers to api.o(i.Cmd_UnPack) for Cmd_UnPack
    api.o(i.HPS3D_SetROIRegion) refers to memseta.o(.text) for __aeabi_memclr4
    api.o(i.HPS3D_SetROIRegion) refers to api.o(i.Cmd_CreatePack) for Cmd_CreatePack
    api.o(i.HPS3D_SetROIRegion) refers to api.o(i.HAL_SimpleCommunication) for HAL_SimpleCommunication
    api.o(i.HPS3D_SetROIRegion) refers to api.o(i.Cmd_UnPack) for Cmd_UnPack
    api.o(i.HPS3D_SetROIThresholdConf) refers to memseta.o(.text) for __aeabi_memclr4
    api.o(i.HPS3D_SetROIThresholdConf) refers to api.o(i.Cmd_CreatePack) for Cmd_CreatePack
    api.o(i.HPS3D_SetROIThresholdConf) refers to api.o(i.HAL_SimpleCommunication) for HAL_SimpleCommunication
    api.o(i.HPS3D_SetROIThresholdConf) refers to api.o(i.Cmd_UnPack) for Cmd_UnPack
    api.o(i.HPS3D_SetROIThresholdEnable) refers to memseta.o(.text) for __aeabi_memclr4
    api.o(i.HPS3D_SetROIThresholdEnable) refers to api.o(i.Cmd_CreatePack) for Cmd_CreatePack
    api.o(i.HPS3D_SetROIThresholdEnable) refers to api.o(i.HAL_SimpleCommunication) for HAL_SimpleCommunication
    api.o(i.HPS3D_SetROIThresholdEnable) refers to api.o(i.Cmd_UnPack) for Cmd_UnPack
    api.o(i.HPS3D_SetRunMode) refers to memseta.o(.text) for __aeabi_memclr4
    api.o(i.HPS3D_SetRunMode) refers to api.o(i.Cmd_CreatePack) for Cmd_CreatePack
    api.o(i.HPS3D_SetRunMode) refers to api.o(i.HAL_SimpleCommunication) for HAL_SimpleCommunication
    api.o(i.HPS3D_SetRunMode) refers to api.o(i.Cmd_UnPack) for Cmd_UnPack
    api.o(i.HPS3D_SetSimpleHDRConfig) refers to memseta.o(.text) for __aeabi_memclr4
    api.o(i.HPS3D_SetSimpleHDRConfig) refers to api.o(i.Cmd_CreatePack) for Cmd_CreatePack
    api.o(i.HPS3D_SetSimpleHDRConfig) refers to api.o(i.HAL_SimpleCommunication) for HAL_SimpleCommunication
    api.o(i.HPS3D_SetSimpleHDRConfig) refers to api.o(i.Cmd_UnPack) for Cmd_UnPack
    api.o(i.HPS3D_SetSimpleKalman) refers to memseta.o(.text) for __aeabi_memclr4
    api.o(i.HPS3D_SetSimpleKalman) refers to fmul.o(.text) for __aeabi_fmul
    api.o(i.HPS3D_SetSimpleKalman) refers to ffixui.o(.text) for __aeabi_f2uiz
    api.o(i.HPS3D_SetSimpleKalman) refers to api.o(i.Cmd_CreatePack) for Cmd_CreatePack
    api.o(i.HPS3D_SetSimpleKalman) refers to api.o(i.HAL_SimpleCommunication) for HAL_SimpleCommunication
    api.o(i.HPS3D_SetSimpleKalman) refers to api.o(i.Cmd_UnPack) for Cmd_UnPack
    api.o(i.HPS3D_SetSuperHDRConfig) refers to memseta.o(.text) for __aeabi_memclr4
    api.o(i.HPS3D_SetSuperHDRConfig) refers to api.o(i.Cmd_CreatePack) for Cmd_CreatePack
    api.o(i.HPS3D_SetSuperHDRConfig) refers to api.o(i.HAL_SimpleCommunication) for HAL_SimpleCommunication
    api.o(i.HPS3D_SetSuperHDRConfig) refers to api.o(i.Cmd_UnPack) for Cmd_UnPack
    crc.o(i.crc16_cal) refers to crc.o(.constdata) for crc_ta_8
    crc.o(i.crc32_cal) refers to crc.o(.constdata) for crcTable
    hal.o(i.Delay_Ms) refers to stm32f1xx_hal.o(i.HAL_Delay) for HAL_Delay
    hal.o(i.Uart_Read) refers to stm32f1xx_hal_uart.o(i.HAL_UART_Receive) for HAL_UART_Receive
    hal.o(i.Uart_Read) refers to usart.o(.bss) for huart1
    hal.o(i.Uart_Write) refers to stm32f1xx_hal_uart.o(i.HAL_UART_Transmit) for HAL_UART_Transmit
    hal.o(i.Uart_Write) refers to usart.o(.bss) for huart1
    entry.o(.ARM.Collect$$$$00000000) refers (Special) to entry10a.o(.ARM.Collect$$$$0000000D) for __rt_final_cpp
    entry.o(.ARM.Collect$$$$00000000) refers (Special) to entry11a.o(.ARM.Collect$$$$0000000F) for __rt_final_exit
    entry.o(.ARM.Collect$$$$00000000) refers (Special) to entry7b.o(.ARM.Collect$$$$00000008) for _main_clock
    entry.o(.ARM.Collect$$$$00000000) refers (Special) to entry8b.o(.ARM.Collect$$$$0000000A) for _main_cpp_init
    entry.o(.ARM.Collect$$$$00000000) refers (Special) to entry9a.o(.ARM.Collect$$$$0000000B) for _main_init
    entry.o(.ARM.Collect$$$$00000000) refers (Special) to entry5.o(.ARM.Collect$$$$00000004) for _main_scatterload
    entry.o(.ARM.Collect$$$$00000000) refers (Special) to entry2.o(.ARM.Collect$$$$00000001) for _main_stk
    fmul.o(.text) refers (Special) to iusefp.o(.text) for __I$use$fp
    fdiv.o(.text) refers (Special) to iusefp.o(.text) for __I$use$fp
    fdiv.o(.text) refers to fepilogue.o(.text) for _float_round
    fflti.o(.text) refers (Special) to iusefp.o(.text) for __I$use$fp
    fflti.o(.text) refers to fepilogue.o(.text) for _float_epilogue
    ffixi.o(.text) refers (Special) to iusefp.o(.text) for __I$use$fp
    ffixui.o(.text) refers (Special) to iusefp.o(.text) for __I$use$fp
    entry2.o(.ARM.Collect$$$$00000001) refers to entry2.o(.ARM.Collect$$$$00002712) for __lit__00000000
    entry2.o(.ARM.Collect$$$$00002712) refers to startup_stm32f103x6.o(STACK) for __initial_sp
    entry2.o(__vectab_stack_and_reset_area) refers to startup_stm32f103x6.o(STACK) for __initial_sp
    entry2.o(__vectab_stack_and_reset_area) refers to entry.o(.ARM.Collect$$$$00000000) for __main
    entry5.o(.ARM.Collect$$$$00000004) refers to init.o(.text) for __scatterload
    entry9a.o(.ARM.Collect$$$$0000000B) refers to main.o(i.main) for main
    entry9b.o(.ARM.Collect$$$$0000000C) refers to main.o(i.main) for main
    init.o(.text) refers to entry5.o(.ARM.Collect$$$$00000004) for __main_after_scatterload


==============================================================================

Removing Unused input sections from the image.

    Removing startup_stm32f103x6.o(HEAP), (512 bytes).
    Removing fifo.o(i.fifo_clear), (14 bytes).
    Removing fifo.o(i.fifo_clear_bytes), (16 bytes).
    Removing fifo.o(i.fifo_get), (160 bytes).
    Removing fifo.o(i.fifo_get_element_size), (18 bytes).
    Removing fifo.o(i.fifo_get_only), (146 bytes).
    Removing fifo.o(i.fifo_init), (20 bytes).
    Removing fifo.o(i.fifo_put), (180 bytes).
    Removing fifo.o(i.fifo_put_byte), (162 bytes).
    Removing fifo.o(i.fls), (30 bytes).
    Removing fifo.o(i.roundup_pow_of_two), (18 bytes).
    Removing main.o(.rev16_text), (4 bytes).
    Removing main.o(.revsh_text), (4 bytes).
    Removing main.o(.rrx_text), (6 bytes).
    Removing gpio.o(.rev16_text), (4 bytes).
    Removing gpio.o(.revsh_text), (4 bytes).
    Removing gpio.o(.rrx_text), (6 bytes).
    Removing usart.o(.rev16_text), (4 bytes).
    Removing usart.o(.revsh_text), (4 bytes).
    Removing usart.o(.rrx_text), (6 bytes).
    Removing usart.o(i.HAL_UART_MspDeInit), (56 bytes).
    Removing stm32f1xx_it.o(.rev16_text), (4 bytes).
    Removing stm32f1xx_it.o(.revsh_text), (4 bytes).
    Removing stm32f1xx_it.o(.rrx_text), (6 bytes).
    Removing stm32f1xx_hal_msp.o(.rev16_text), (4 bytes).
    Removing stm32f1xx_hal_msp.o(.revsh_text), (4 bytes).
    Removing stm32f1xx_hal_msp.o(.rrx_text), (6 bytes).
    Removing stm32f1xx_hal_gpio_ex.o(.rev16_text), (4 bytes).
    Removing stm32f1xx_hal_gpio_ex.o(.revsh_text), (4 bytes).
    Removing stm32f1xx_hal_gpio_ex.o(.rrx_text), (6 bytes).
    Removing stm32f1xx_hal_gpio_ex.o(i.HAL_GPIOEx_ConfigEventout), (24 bytes).
    Removing stm32f1xx_hal_gpio_ex.o(i.HAL_GPIOEx_DisableEventout), (20 bytes).
    Removing stm32f1xx_hal_gpio_ex.o(i.HAL_GPIOEx_EnableEventout), (20 bytes).
    Removing stm32f1xx_hal_tim.o(.rev16_text), (4 bytes).
    Removing stm32f1xx_hal_tim.o(.revsh_text), (4 bytes).
    Removing stm32f1xx_hal_tim.o(.rrx_text), (6 bytes).
    Removing stm32f1xx_hal_tim_ex.o(.rev16_text), (4 bytes).
    Removing stm32f1xx_hal_tim_ex.o(.revsh_text), (4 bytes).
    Removing stm32f1xx_hal_tim_ex.o(.rrx_text), (6 bytes).
    Removing stm32f1xx_hal_uart.o(.rev16_text), (4 bytes).
    Removing stm32f1xx_hal_uart.o(.revsh_text), (4 bytes).
    Removing stm32f1xx_hal_uart.o(.rrx_text), (6 bytes).
    Removing stm32f1xx_hal_uart.o(i.HAL_HalfDuplex_EnableReceiver), (68 bytes).
    Removing stm32f1xx_hal_uart.o(i.HAL_HalfDuplex_EnableTransmitter), (68 bytes).
    Removing stm32f1xx_hal_uart.o(i.HAL_HalfDuplex_Init), (118 bytes).
    Removing stm32f1xx_hal_uart.o(i.HAL_LIN_Init), (134 bytes).
    Removing stm32f1xx_hal_uart.o(i.HAL_LIN_SendBreak), (62 bytes).
    Removing stm32f1xx_hal_uart.o(i.HAL_MultiProcessor_EnterMuteMode), (62 bytes).
    Removing stm32f1xx_hal_uart.o(i.HAL_MultiProcessor_ExitMuteMode), (62 bytes).
    Removing stm32f1xx_hal_uart.o(i.HAL_MultiProcessor_Init), (138 bytes).
    Removing stm32f1xx_hal_uart.o(i.HAL_UART_Abort), (126 bytes).
    Removing stm32f1xx_hal_uart.o(i.HAL_UART_AbortCpltCallback), (2 bytes).
    Removing stm32f1xx_hal_uart.o(i.HAL_UART_AbortReceive), (80 bytes).
    Removing stm32f1xx_hal_uart.o(i.HAL_UART_AbortReceiveCpltCallback), (2 bytes).
    Removing stm32f1xx_hal_uart.o(i.HAL_UART_AbortReceive_IT), (120 bytes).
    Removing stm32f1xx_hal_uart.o(i.HAL_UART_AbortTransmit), (68 bytes).
    Removing stm32f1xx_hal_uart.o(i.HAL_UART_AbortTransmitCpltCallback), (2 bytes).
    Removing stm32f1xx_hal_uart.o(i.HAL_UART_AbortTransmit_IT), (108 bytes).
    Removing stm32f1xx_hal_uart.o(i.HAL_UART_Abort_IT), (216 bytes).
    Removing stm32f1xx_hal_uart.o(i.HAL_UART_DMAPause), (124 bytes).
    Removing stm32f1xx_hal_uart.o(i.HAL_UART_DMAResume), (126 bytes).
    Removing stm32f1xx_hal_uart.o(i.HAL_UART_DMAStop), (102 bytes).
    Removing stm32f1xx_hal_uart.o(i.HAL_UART_DeInit), (46 bytes).
    Removing stm32f1xx_hal_uart.o(i.HAL_UART_GetError), (6 bytes).
    Removing stm32f1xx_hal_uart.o(i.HAL_UART_GetState), (20 bytes).
    Removing stm32f1xx_hal_uart.o(i.HAL_UART_MspDeInit), (2 bytes).
    Removing stm32f1xx_hal_uart.o(i.HAL_UART_MspInit), (2 bytes).
    Removing stm32f1xx_hal_uart.o(i.HAL_UART_Receive_DMA), (196 bytes).
    Removing stm32f1xx_hal_uart.o(i.HAL_UART_RxCpltCallback), (2 bytes).
    Removing stm32f1xx_hal_uart.o(i.HAL_UART_RxHalfCpltCallback), (2 bytes).
    Removing stm32f1xx_hal_uart.o(i.HAL_UART_Transmit_DMA), (156 bytes).
    Removing stm32f1xx_hal_uart.o(i.HAL_UART_Transmit_IT), (88 bytes).
    Removing stm32f1xx_hal_uart.o(i.HAL_UART_TxHalfCpltCallback), (2 bytes).
    Removing stm32f1xx_hal_uart.o(i.UART_DMAError), (80 bytes).
    Removing stm32f1xx_hal_uart.o(i.UART_DMAReceiveCplt), (70 bytes).
    Removing stm32f1xx_hal_uart.o(i.UART_DMARxAbortCallback), (52 bytes).
    Removing stm32f1xx_hal_uart.o(i.UART_DMARxHalfCplt), (14 bytes).
    Removing stm32f1xx_hal_uart.o(i.UART_DMARxOnlyAbortCallback), (24 bytes).
    Removing stm32f1xx_hal_uart.o(i.UART_DMATransmitCplt), (54 bytes).
    Removing stm32f1xx_hal_uart.o(i.UART_DMATxAbortCallback), (52 bytes).
    Removing stm32f1xx_hal_uart.o(i.UART_DMATxHalfCplt), (14 bytes).
    Removing stm32f1xx_hal_uart.o(i.UART_DMATxOnlyAbortCallback), (24 bytes).
    Removing stm32f1xx_hal_uart.o(i.UART_EndTxTransfer), (20 bytes).
    Removing stm32f1xx_hal.o(.rev16_text), (4 bytes).
    Removing stm32f1xx_hal.o(.revsh_text), (4 bytes).
    Removing stm32f1xx_hal.o(.rrx_text), (6 bytes).
    Removing stm32f1xx_hal.o(i.HAL_DBGMCU_DisableDBGSleepMode), (20 bytes).
    Removing stm32f1xx_hal.o(i.HAL_DBGMCU_DisableDBGStandbyMode), (20 bytes).
    Removing stm32f1xx_hal.o(i.HAL_DBGMCU_DisableDBGStopMode), (20 bytes).
    Removing stm32f1xx_hal.o(i.HAL_DBGMCU_EnableDBGSleepMode), (20 bytes).
    Removing stm32f1xx_hal.o(i.HAL_DBGMCU_EnableDBGStandbyMode), (20 bytes).
    Removing stm32f1xx_hal.o(i.HAL_DBGMCU_EnableDBGStopMode), (20 bytes).
    Removing stm32f1xx_hal.o(i.HAL_DeInit), (36 bytes).
    Removing stm32f1xx_hal.o(i.HAL_GetDEVID), (16 bytes).
    Removing stm32f1xx_hal.o(i.HAL_GetHalVersion), (8 bytes).
    Removing stm32f1xx_hal.o(i.HAL_GetREVID), (12 bytes).
    Removing stm32f1xx_hal.o(i.HAL_GetTickFreq), (12 bytes).
    Removing stm32f1xx_hal.o(i.HAL_GetTickPrio), (12 bytes).
    Removing stm32f1xx_hal.o(i.HAL_GetUID), (28 bytes).
    Removing stm32f1xx_hal.o(i.HAL_MspDeInit), (2 bytes).
    Removing stm32f1xx_hal.o(i.HAL_MspInit), (2 bytes).
    Removing stm32f1xx_hal.o(i.HAL_ResumeTick), (18 bytes).
    Removing stm32f1xx_hal.o(i.HAL_SetTickFreq), (40 bytes).
    Removing stm32f1xx_hal.o(i.HAL_SuspendTick), (18 bytes).
    Removing stm32f1xx_hal_rcc.o(.rev16_text), (4 bytes).
    Removing stm32f1xx_hal_rcc.o(.revsh_text), (4 bytes).
    Removing stm32f1xx_hal_rcc.o(.rrx_text), (6 bytes).
    Removing stm32f1xx_hal_rcc.o(i.HAL_RCC_CSSCallback), (2 bytes).
    Removing stm32f1xx_hal_rcc.o(i.HAL_RCC_DeInit), (264 bytes).
    Removing stm32f1xx_hal_rcc.o(i.HAL_RCC_DisableCSS), (12 bytes).
    Removing stm32f1xx_hal_rcc.o(i.HAL_RCC_EnableCSS), (12 bytes).
    Removing stm32f1xx_hal_rcc.o(i.HAL_RCC_GetClockConfig), (68 bytes).
    Removing stm32f1xx_hal_rcc.o(i.HAL_RCC_GetOscConfig), (200 bytes).
    Removing stm32f1xx_hal_rcc.o(i.HAL_RCC_MCOConfig), (100 bytes).
    Removing stm32f1xx_hal_rcc.o(i.HAL_RCC_NMI_IRQHandler), (32 bytes).
    Removing stm32f1xx_hal_rcc_ex.o(.rev16_text), (4 bytes).
    Removing stm32f1xx_hal_rcc_ex.o(.revsh_text), (4 bytes).
    Removing stm32f1xx_hal_rcc_ex.o(.rrx_text), (6 bytes).
    Removing stm32f1xx_hal_rcc_ex.o(i.HAL_RCCEx_GetPeriphCLKConfig), (60 bytes).
    Removing stm32f1xx_hal_rcc_ex.o(i.HAL_RCCEx_GetPeriphCLKFreq), (288 bytes).
    Removing stm32f1xx_hal_rcc_ex.o(i.HAL_RCCEx_PeriphCLKConfig), (304 bytes).
    Removing stm32f1xx_hal_gpio.o(.rev16_text), (4 bytes).
    Removing stm32f1xx_hal_gpio.o(.revsh_text), (4 bytes).
    Removing stm32f1xx_hal_gpio.o(.rrx_text), (6 bytes).
    Removing stm32f1xx_hal_gpio.o(i.HAL_GPIO_DeInit), (296 bytes).
    Removing stm32f1xx_hal_gpio.o(i.HAL_GPIO_EXTI_Callback), (2 bytes).
    Removing stm32f1xx_hal_gpio.o(i.HAL_GPIO_EXTI_IRQHandler), (28 bytes).
    Removing stm32f1xx_hal_gpio.o(i.HAL_GPIO_LockPin), (46 bytes).
    Removing stm32f1xx_hal_gpio.o(i.HAL_GPIO_ReadPin), (16 bytes).
    Removing stm32f1xx_hal_gpio.o(i.HAL_GPIO_TogglePin), (8 bytes).
    Removing stm32f1xx_hal_dma.o(.rev16_text), (4 bytes).
    Removing stm32f1xx_hal_dma.o(.revsh_text), (4 bytes).
    Removing stm32f1xx_hal_dma.o(.rrx_text), (6 bytes).
    Removing stm32f1xx_hal_dma.o(i.DMA_SetConfig), (44 bytes).
    Removing stm32f1xx_hal_dma.o(i.HAL_DMA_Abort), (58 bytes).
    Removing stm32f1xx_hal_dma.o(i.HAL_DMA_DeInit), (96 bytes).
    Removing stm32f1xx_hal_dma.o(i.HAL_DMA_GetError), (6 bytes).
    Removing stm32f1xx_hal_dma.o(i.HAL_DMA_GetState), (8 bytes).
    Removing stm32f1xx_hal_dma.o(i.HAL_DMA_IRQHandler), (412 bytes).
    Removing stm32f1xx_hal_dma.o(i.HAL_DMA_Init), (112 bytes).
    Removing stm32f1xx_hal_dma.o(i.HAL_DMA_PollForTransfer), (692 bytes).
    Removing stm32f1xx_hal_dma.o(i.HAL_DMA_RegisterCallback), (90 bytes).
    Removing stm32f1xx_hal_dma.o(i.HAL_DMA_Start), (114 bytes).
    Removing stm32f1xx_hal_dma.o(i.HAL_DMA_Start_IT), (156 bytes).
    Removing stm32f1xx_hal_dma.o(i.HAL_DMA_UnRegisterCallback), (106 bytes).
    Removing stm32f1xx_hal_cortex.o(.rev16_text), (4 bytes).
    Removing stm32f1xx_hal_cortex.o(.revsh_text), (4 bytes).
    Removing stm32f1xx_hal_cortex.o(.rrx_text), (6 bytes).
    Removing stm32f1xx_hal_cortex.o(i.HAL_NVIC_ClearPendingIRQ), (28 bytes).
    Removing stm32f1xx_hal_cortex.o(i.HAL_NVIC_DisableIRQ), (28 bytes).
    Removing stm32f1xx_hal_cortex.o(i.HAL_NVIC_GetActive), (40 bytes).
    Removing stm32f1xx_hal_cortex.o(i.HAL_NVIC_GetPendingIRQ), (40 bytes).
    Removing stm32f1xx_hal_cortex.o(i.HAL_NVIC_GetPriority), (148 bytes).
    Removing stm32f1xx_hal_cortex.o(i.HAL_NVIC_GetPriorityGrouping), (8 bytes).
    Removing stm32f1xx_hal_cortex.o(i.HAL_NVIC_SetPendingIRQ), (28 bytes).
    Removing stm32f1xx_hal_cortex.o(i.HAL_NVIC_SystemReset), (68 bytes).
    Removing stm32f1xx_hal_pwr.o(.rev16_text), (4 bytes).
    Removing stm32f1xx_hal_pwr.o(.revsh_text), (4 bytes).
    Removing stm32f1xx_hal_pwr.o(.rrx_text), (6 bytes).
    Removing stm32f1xx_hal_pwr.o(i.HAL_PWR_ConfigPVD), (180 bytes).
    Removing stm32f1xx_hal_pwr.o(i.HAL_PWR_DeInit), (28 bytes).
    Removing stm32f1xx_hal_pwr.o(i.HAL_PWR_DisableBkUpAccess), (12 bytes).
    Removing stm32f1xx_hal_pwr.o(i.HAL_PWR_DisablePVD), (12 bytes).
    Removing stm32f1xx_hal_pwr.o(i.HAL_PWR_DisableSEVOnPend), (20 bytes).
    Removing stm32f1xx_hal_pwr.o(i.HAL_PWR_DisableSleepOnExit), (20 bytes).
    Removing stm32f1xx_hal_pwr.o(i.HAL_PWR_DisableWakeUpPin), (28 bytes).
    Removing stm32f1xx_hal_pwr.o(i.HAL_PWR_EnableBkUpAccess), (12 bytes).
    Removing stm32f1xx_hal_pwr.o(i.HAL_PWR_EnablePVD), (12 bytes).
    Removing stm32f1xx_hal_pwr.o(i.HAL_PWR_EnableSEVOnPend), (20 bytes).
    Removing stm32f1xx_hal_pwr.o(i.HAL_PWR_EnableSleepOnExit), (20 bytes).
    Removing stm32f1xx_hal_pwr.o(i.HAL_PWR_EnableWakeUpPin), (28 bytes).
    Removing stm32f1xx_hal_pwr.o(i.HAL_PWR_EnterSLEEPMode), (32 bytes).
    Removing stm32f1xx_hal_pwr.o(i.HAL_PWR_EnterSTANDBYMode), (40 bytes).
    Removing stm32f1xx_hal_pwr.o(i.HAL_PWR_EnterSTOPMode), (84 bytes).
    Removing stm32f1xx_hal_pwr.o(i.HAL_PWR_PVDCallback), (2 bytes).
    Removing stm32f1xx_hal_pwr.o(i.HAL_PWR_PVD_IRQHandler), (32 bytes).
    Removing stm32f1xx_hal_pwr.o(i.PWR_OverloadWfe), (6 bytes).
    Removing stm32f1xx_hal_flash.o(.rev16_text), (4 bytes).
    Removing stm32f1xx_hal_flash.o(.revsh_text), (4 bytes).
    Removing stm32f1xx_hal_flash.o(.rrx_text), (6 bytes).
    Removing stm32f1xx_hal_flash.o(i.FLASH_Program_HalfWord), (32 bytes).
    Removing stm32f1xx_hal_flash.o(i.FLASH_SetErrorCode), (132 bytes).
    Removing stm32f1xx_hal_flash.o(i.FLASH_WaitForLastOperation), (112 bytes).
    Removing stm32f1xx_hal_flash.o(i.HAL_FLASH_EndOfOperationCallback), (2 bytes).
    Removing stm32f1xx_hal_flash.o(i.HAL_FLASH_GetError), (12 bytes).
    Removing stm32f1xx_hal_flash.o(i.HAL_FLASH_IRQHandler), (384 bytes).
    Removing stm32f1xx_hal_flash.o(i.HAL_FLASH_Lock), (20 bytes).
    Removing stm32f1xx_hal_flash.o(i.HAL_FLASH_OB_Launch), (8 bytes).
    Removing stm32f1xx_hal_flash.o(i.HAL_FLASH_OB_Lock), (20 bytes).
    Removing stm32f1xx_hal_flash.o(i.HAL_FLASH_OB_Unlock), (44 bytes).
    Removing stm32f1xx_hal_flash.o(i.HAL_FLASH_OperationErrorCallback), (2 bytes).
    Removing stm32f1xx_hal_flash.o(i.HAL_FLASH_Program), (176 bytes).
    Removing stm32f1xx_hal_flash.o(i.HAL_FLASH_Program_IT), (124 bytes).
    Removing stm32f1xx_hal_flash.o(i.HAL_FLASH_Unlock), (48 bytes).
    Removing stm32f1xx_hal_flash.o(.bss), (32 bytes).
    Removing stm32f1xx_hal_flash_ex.o(.rev16_text), (4 bytes).
    Removing stm32f1xx_hal_flash_ex.o(.revsh_text), (4 bytes).
    Removing stm32f1xx_hal_flash_ex.o(.rrx_text), (6 bytes).
    Removing stm32f1xx_hal_flash_ex.o(i.FLASH_MassErase), (40 bytes).
    Removing stm32f1xx_hal_flash_ex.o(i.FLASH_OB_DisableWRP), (108 bytes).
    Removing stm32f1xx_hal_flash_ex.o(i.FLASH_OB_EnableWRP), (112 bytes).
    Removing stm32f1xx_hal_flash_ex.o(i.FLASH_OB_GetRDP), (28 bytes).
    Removing stm32f1xx_hal_flash_ex.o(i.FLASH_OB_GetUser), (16 bytes).
    Removing stm32f1xx_hal_flash_ex.o(i.FLASH_OB_GetWRP), (12 bytes).
    Removing stm32f1xx_hal_flash_ex.o(i.FLASH_OB_ProgramData), (76 bytes).
    Removing stm32f1xx_hal_flash_ex.o(i.FLASH_OB_RDP_LevelConfig), (124 bytes).
    Removing stm32f1xx_hal_flash_ex.o(i.FLASH_OB_UserConfig), (84 bytes).
    Removing stm32f1xx_hal_flash_ex.o(i.FLASH_PageErase), (40 bytes).
    Removing stm32f1xx_hal_flash_ex.o(i.HAL_FLASHEx_Erase), (176 bytes).
    Removing stm32f1xx_hal_flash_ex.o(i.HAL_FLASHEx_Erase_IT), (100 bytes).
    Removing stm32f1xx_hal_flash_ex.o(i.HAL_FLASHEx_OBErase), (96 bytes).
    Removing stm32f1xx_hal_flash_ex.o(i.HAL_FLASHEx_OBGetConfig), (28 bytes).
    Removing stm32f1xx_hal_flash_ex.o(i.HAL_FLASHEx_OBGetUserData), (40 bytes).
    Removing stm32f1xx_hal_flash_ex.o(i.HAL_FLASHEx_OBProgram), (200 bytes).
    Removing system_stm32f1xx.o(.rev16_text), (4 bytes).
    Removing system_stm32f1xx.o(.revsh_text), (4 bytes).
    Removing system_stm32f1xx.o(.rrx_text), (6 bytes).
    Removing system_stm32f1xx.o(i.SystemCoreClockUpdate), (164 bytes).
    Removing api.o(i.HPS3D_GetDistanceOffset), (156 bytes).
    Removing api.o(i.HPS3D_GetGPIOInConf), (174 bytes).
    Removing api.o(i.HPS3D_GetGPIOOutConf), (174 bytes).
    Removing api.o(i.HPS3D_GetHDRConfig), (680 bytes).
    Removing api.o(i.HPS3D_GetIntegTime), (180 bytes).
    Removing api.o(i.HPS3D_GetNumberOfROI), (168 bytes).
    Removing api.o(i.HPS3D_GetOpticalParamConf), (220 bytes).
    Removing api.o(i.HPS3D_GetPacketType), (156 bytes).
    Removing api.o(i.HPS3D_GetROIConfById), (1086 bytes).
    Removing api.o(i.HPS3D_GetROIGroupID), (158 bytes).
    Removing api.o(i.HPS3D_GetSDKVersion), (48 bytes).
    Removing api.o(i.HPS3D_ProfileClearCurrent), (156 bytes).
    Removing api.o(i.HPS3D_ProfileRestoreFactory), (156 bytes).
    Removing api.o(i.HPS3D_ProfileSaveToCurrent), (156 bytes).
    Removing api.o(i.HPS3D_SelectROIGroup), (164 bytes).
    Removing api.o(i.HPS3D_SetAutoHDRConfig), (1110 bytes).
    Removing api.o(i.HPS3D_SetDevAddr), (154 bytes).
    Removing api.o(i.HPS3D_SetDistanceFilterType), (164 bytes).
    Removing api.o(i.HPS3D_SetDistanceOffset), (178 bytes).
    Removing api.o(i.HPS3D_SetGPIOIn), (192 bytes).
    Removing api.o(i.HPS3D_SetGPIOOut), (192 bytes).
    Removing api.o(i.HPS3D_SetGPOUT1_Val), (164 bytes).
    Removing api.o(i.HPS3D_SetHDRMode), (164 bytes).
    Removing api.o(i.HPS3D_SetIntegrationTime), (204 bytes).
    Removing api.o(i.HPS3D_SetOpticalEnable), (172 bytes).
    Removing api.o(i.HPS3D_SetOutputDataType), (164 bytes).
    Removing api.o(i.HPS3D_SetROIAlarmType), (192 bytes).
    Removing api.o(i.HPS3D_SetROIEnable), (178 bytes).
    Removing api.o(i.HPS3D_SetROIReferenceType), (192 bytes).
    Removing api.o(i.HPS3D_SetROIRegion), (276 bytes).
    Removing api.o(i.HPS3D_SetROIThresholdConf), (328 bytes).
    Removing api.o(i.HPS3D_SetROIThresholdEnable), (192 bytes).
    Removing api.o(i.HPS3D_SetSimpleHDRConfig), (270 bytes).
    Removing api.o(i.HPS3D_SetSimpleKalman), (388 bytes).
    Removing api.o(i.HPS3D_SetSuperHDRConfig), (224 bytes).
    Removing crc.o(i.crc32_cal), (44 bytes).
    Removing hal.o(.rev16_text), (4 bytes).
    Removing hal.o(.revsh_text), (4 bytes).
    Removing hal.o(.rrx_text), (6 bytes).
    Removing fmul.o(.text), (100 bytes).
    Removing fdiv.o(.text), (124 bytes).
    Removing fflti.o(.text), (18 bytes).
    Removing ffixi.o(.text), (50 bytes).
    Removing ffixui.o(.text), (40 bytes).
    Removing fepilogue.o(.text), (110 bytes).

263 unused section(s) (total 21330 bytes) removed from the image.

==============================================================================

Image Symbol Table

    Local Symbols

    Symbol Name                              Value     Ov Type        Size  Object(Section)

    ..//Src/system_stm32f1xx.c               0x00000000   Number         0  system_stm32f1xx.o ABSOLUTE
    ../Drivers/STM32F1xx_HAL_Driver/Src/stm32f1xx_hal.c 0x00000000   Number         0  stm32f1xx_hal.o ABSOLUTE
    ../Drivers/STM32F1xx_HAL_Driver/Src/stm32f1xx_hal_cortex.c 0x00000000   Number         0  stm32f1xx_hal_cortex.o ABSOLUTE
    ../Drivers/STM32F1xx_HAL_Driver/Src/stm32f1xx_hal_dma.c 0x00000000   Number         0  stm32f1xx_hal_dma.o ABSOLUTE
    ../Drivers/STM32F1xx_HAL_Driver/Src/stm32f1xx_hal_flash.c 0x00000000   Number         0  stm32f1xx_hal_flash.o ABSOLUTE
    ../Drivers/STM32F1xx_HAL_Driver/Src/stm32f1xx_hal_flash_ex.c 0x00000000   Number         0  stm32f1xx_hal_flash_ex.o ABSOLUTE
    ../Drivers/STM32F1xx_HAL_Driver/Src/stm32f1xx_hal_gpio.c 0x00000000   Number         0  stm32f1xx_hal_gpio.o ABSOLUTE
    ../Drivers/STM32F1xx_HAL_Driver/Src/stm32f1xx_hal_gpio_ex.c 0x00000000   Number         0  stm32f1xx_hal_gpio_ex.o ABSOLUTE
    ../Drivers/STM32F1xx_HAL_Driver/Src/stm32f1xx_hal_pwr.c 0x00000000   Number         0  stm32f1xx_hal_pwr.o ABSOLUTE
    ../Drivers/STM32F1xx_HAL_Driver/Src/stm32f1xx_hal_rcc.c 0x00000000   Number         0  stm32f1xx_hal_rcc.o ABSOLUTE
    ../Drivers/STM32F1xx_HAL_Driver/Src/stm32f1xx_hal_rcc_ex.c 0x00000000   Number         0  stm32f1xx_hal_rcc_ex.o ABSOLUTE
    ../Drivers/STM32F1xx_HAL_Driver/Src/stm32f1xx_hal_tim.c 0x00000000   Number         0  stm32f1xx_hal_tim.o ABSOLUTE
    ../Drivers/STM32F1xx_HAL_Driver/Src/stm32f1xx_hal_tim_ex.c 0x00000000   Number         0  stm32f1xx_hal_tim_ex.o ABSOLUTE
    ../Drivers/STM32F1xx_HAL_Driver/Src/stm32f1xx_hal_uart.c 0x00000000   Number         0  stm32f1xx_hal_uart.o ABSOLUTE
    ../Src/gpio.c                            0x00000000   Number         0  gpio.o ABSOLUTE
    ../Src/main.c                            0x00000000   Number         0  main.o ABSOLUTE
    ../Src/stm32f1xx_hal_msp.c               0x00000000   Number         0  stm32f1xx_hal_msp.o ABSOLUTE
    ../Src/stm32f1xx_it.c                    0x00000000   Number         0  stm32f1xx_it.o ABSOLUTE
    ../Src/usart.c                           0x00000000   Number         0  usart.o ABSOLUTE
    ../clib/microlib/init/entry.s            0x00000000   Number         0  entry10a.o ABSOLUTE
    ../clib/microlib/init/entry.s            0x00000000   Number         0  entry9b.o ABSOLUTE
    ../clib/microlib/init/entry.s            0x00000000   Number         0  entry9a.o ABSOLUTE
    ../clib/microlib/init/entry.s            0x00000000   Number         0  entry8b.o ABSOLUTE
    ../clib/microlib/init/entry.s            0x00000000   Number         0  entry8a.o ABSOLUTE
    ../clib/microlib/init/entry.s            0x00000000   Number         0  entry.o ABSOLUTE
    ../clib/microlib/init/entry.s            0x00000000   Number         0  entry7b.o ABSOLUTE
    ../clib/microlib/init/entry.s            0x00000000   Number         0  entry7a.o ABSOLUTE
    ../clib/microlib/init/entry.s            0x00000000   Number         0  entry2.o ABSOLUTE
    ../clib/microlib/init/entry.s            0x00000000   Number         0  entry5.o ABSOLUTE
    ../clib/microlib/init/entry.s            0x00000000   Number         0  entry10b.o ABSOLUTE
    ../clib/microlib/init/entry.s            0x00000000   Number         0  entry11a.o ABSOLUTE
    ../clib/microlib/init/entry.s            0x00000000   Number         0  entry11b.o ABSOLUTE
    ../clib/microlib/longlong.c              0x00000000   Number         0  llushr.o ABSOLUTE
    ../clib/microlib/string/memcpy.c         0x00000000   Number         0  memcpyb.o ABSOLUTE
    ../clib/microlib/string/memcpy.c         0x00000000   Number         0  memcpya.o ABSOLUTE
    ../clib/microlib/string/memset.c         0x00000000   Number         0  memseta.o ABSOLUTE
    ../clib/microlib/stubs.s                 0x00000000   Number         0  iusefp.o ABSOLUTE
    ../fplib/microlib/fpdiv.c                0x00000000   Number         0  fdiv.o ABSOLUTE
    ../fplib/microlib/fpepilogue.c           0x00000000   Number         0  fepilogue.o ABSOLUTE
    ../fplib/microlib/fpfix.c                0x00000000   Number         0  ffixui.o ABSOLUTE
    ../fplib/microlib/fpfix.c                0x00000000   Number         0  ffixi.o ABSOLUTE
    ../fplib/microlib/fpflt.c                0x00000000   Number         0  fflti.o ABSOLUTE
    ../fplib/microlib/fpmul.c                0x00000000   Number         0  fmul.o ABSOLUTE
    ..\Drivers\STM32F1xx_HAL_Driver\Src\stm32f1xx_hal.c 0x00000000   Number         0  stm32f1xx_hal.o ABSOLUTE
    ..\Drivers\STM32F1xx_HAL_Driver\Src\stm32f1xx_hal_cortex.c 0x00000000   Number         0  stm32f1xx_hal_cortex.o ABSOLUTE
    ..\Drivers\STM32F1xx_HAL_Driver\Src\stm32f1xx_hal_dma.c 0x00000000   Number         0  stm32f1xx_hal_dma.o ABSOLUTE
    ..\Drivers\STM32F1xx_HAL_Driver\Src\stm32f1xx_hal_flash.c 0x00000000   Number         0  stm32f1xx_hal_flash.o ABSOLUTE
    ..\Drivers\STM32F1xx_HAL_Driver\Src\stm32f1xx_hal_flash_ex.c 0x00000000   Number         0  stm32f1xx_hal_flash_ex.o ABSOLUTE
    ..\Drivers\STM32F1xx_HAL_Driver\Src\stm32f1xx_hal_gpio.c 0x00000000   Number         0  stm32f1xx_hal_gpio.o ABSOLUTE
    ..\Drivers\STM32F1xx_HAL_Driver\Src\stm32f1xx_hal_gpio_ex.c 0x00000000   Number         0  stm32f1xx_hal_gpio_ex.o ABSOLUTE
    ..\Drivers\STM32F1xx_HAL_Driver\Src\stm32f1xx_hal_pwr.c 0x00000000   Number         0  stm32f1xx_hal_pwr.o ABSOLUTE
    ..\Drivers\STM32F1xx_HAL_Driver\Src\stm32f1xx_hal_rcc.c 0x00000000   Number         0  stm32f1xx_hal_rcc.o ABSOLUTE
    ..\Drivers\STM32F1xx_HAL_Driver\Src\stm32f1xx_hal_rcc_ex.c 0x00000000   Number         0  stm32f1xx_hal_rcc_ex.o ABSOLUTE
    ..\Drivers\STM32F1xx_HAL_Driver\Src\stm32f1xx_hal_tim.c 0x00000000   Number         0  stm32f1xx_hal_tim.o ABSOLUTE
    ..\Drivers\STM32F1xx_HAL_Driver\Src\stm32f1xx_hal_tim_ex.c 0x00000000   Number         0  stm32f1xx_hal_tim_ex.o ABSOLUTE
    ..\Drivers\STM32F1xx_HAL_Driver\Src\stm32f1xx_hal_uart.c 0x00000000   Number         0  stm32f1xx_hal_uart.o ABSOLUTE
    ..\HPS3DToFSDKLite\src\api.c             0x00000000   Number         0  api.o ABSOLUTE
    ..\HPS3DToFSDKLite\src\crc.c             0x00000000   Number         0  crc.o ABSOLUTE
    ..\HPS3DToFSDKLite\src\hal.c             0x00000000   Number         0  hal.o ABSOLUTE
    ..\Src\fifo.c                            0x00000000   Number         0  fifo.o ABSOLUTE
    ..\Src\gpio.c                            0x00000000   Number         0  gpio.o ABSOLUTE
    ..\Src\main.c                            0x00000000   Number         0  main.o ABSOLUTE
    ..\Src\stm32f1xx_hal_msp.c               0x00000000   Number         0  stm32f1xx_hal_msp.o ABSOLUTE
    ..\Src\stm32f1xx_it.c                    0x00000000   Number         0  stm32f1xx_it.o ABSOLUTE
    ..\Src\usart.c                           0x00000000   Number         0  usart.o ABSOLUTE
    ..\\HPS3DToFSDKLite\\src\\hal.c          0x00000000   Number         0  hal.o ABSOLUTE
    ..\\Src\system_stm32f1xx.c               0x00000000   Number         0  system_stm32f1xx.o ABSOLUTE
    dc.s                                     0x00000000   Number         0  dc.o ABSOLUTE
    handlers.s                               0x00000000   Number         0  handlers.o ABSOLUTE
    init.s                                   0x00000000   Number         0  init.o ABSOLUTE
    startup_stm32f103x6.s                    0x00000000   Number         0  startup_stm32f103x6.o ABSOLUTE
    RESET                                    0x08000000   Section      236  startup_stm32f103x6.o(RESET)
    .ARM.Collect$$$$00000000                 0x080000ec   Section        0  entry.o(.ARM.Collect$$$$00000000)
    .ARM.Collect$$$$00000001                 0x080000ec   Section        4  entry2.o(.ARM.Collect$$$$00000001)
    .ARM.Collect$$$$00000004                 0x080000f0   Section        4  entry5.o(.ARM.Collect$$$$00000004)
    .ARM.Collect$$$$00000008                 0x080000f4   Section        0  entry7b.o(.ARM.Collect$$$$00000008)
    .ARM.Collect$$$$0000000A                 0x080000f4   Section        0  entry8b.o(.ARM.Collect$$$$0000000A)
    .ARM.Collect$$$$0000000B                 0x080000f4   Section        8  entry9a.o(.ARM.Collect$$$$0000000B)
    .ARM.Collect$$$$0000000D                 0x080000fc   Section        0  entry10a.o(.ARM.Collect$$$$0000000D)
    .ARM.Collect$$$$0000000F                 0x080000fc   Section        0  entry11a.o(.ARM.Collect$$$$0000000F)
    .ARM.Collect$$$$00002712                 0x080000fc   Section        4  entry2.o(.ARM.Collect$$$$00002712)
    __lit__00000000                          0x080000fc   Data           4  entry2.o(.ARM.Collect$$$$00002712)
    .text                                    0x08000100   Section       36  startup_stm32f103x6.o(.text)
    .text                                    0x08000124   Section        0  memcpya.o(.text)
    .text                                    0x08000148   Section        0  memseta.o(.text)
    .text                                    0x0800016c   Section       36  init.o(.text)
    i.BusFault_Handler                       0x08000190   Section        0  stm32f1xx_it.o(i.BusFault_Handler)
    i.CRC_VerifyPacket                       0x08000194   Section        0  api.o(i.CRC_VerifyPacket)
    CRC_VerifyPacket                         0x08000195   Thumb Code    94  api.o(i.CRC_VerifyPacket)
    i.Cmd_CreatePack                         0x080001f2   Section        0  api.o(i.Cmd_CreatePack)
    Cmd_CreatePack                           0x080001f3   Thumb Code   118  api.o(i.Cmd_CreatePack)
    i.Cmd_UnPack                             0x08000268   Section        0  api.o(i.Cmd_UnPack)
    Cmd_UnPack                               0x08000269   Thumb Code   108  api.o(i.Cmd_UnPack)
    i.DebugMon_Handler                       0x080002d4   Section        0  stm32f1xx_it.o(i.DebugMon_Handler)
    i.Delay_Ms                               0x080002d6   Section        0  hal.o(i.Delay_Ms)
    i.HAL_DMA_Abort_IT                       0x080002e4   Section        0  stm32f1xx_hal_dma.o(i.HAL_DMA_Abort_IT)
    i.HAL_Delay                              0x08000394   Section        0  stm32f1xx_hal.o(i.HAL_Delay)
    i.HAL_GPIO_Init                          0x080003bc   Section        0  stm32f1xx_hal_gpio.o(i.HAL_GPIO_Init)
    i.HAL_GPIO_WritePin                      0x080006c4   Section        0  stm32f1xx_hal_gpio.o(i.HAL_GPIO_WritePin)
    i.HAL_GetTick                            0x080006d0   Section        0  stm32f1xx_hal.o(i.HAL_GetTick)
    i.HAL_IncTick                            0x080006dc   Section        0  stm32f1xx_hal.o(i.HAL_IncTick)
    i.HAL_Init                               0x080006f4   Section        0  stm32f1xx_hal.o(i.HAL_Init)
    i.HAL_InitTick                           0x0800071c   Section        0  stm32f1xx_hal.o(i.HAL_InitTick)
    i.HAL_MspInit                            0x08000768   Section        0  stm32f1xx_hal_msp.o(i.HAL_MspInit)
    i.HAL_NVIC_EnableIRQ                     0x08000810   Section        0  stm32f1xx_hal_cortex.o(i.HAL_NVIC_EnableIRQ)
    i.HAL_NVIC_SetPriority                   0x0800082a   Section        0  stm32f1xx_hal_cortex.o(i.HAL_NVIC_SetPriority)
    i.HAL_NVIC_SetPriorityGrouping           0x080008a8   Section        0  stm32f1xx_hal_cortex.o(i.HAL_NVIC_SetPriorityGrouping)
    i.HAL_RCC_ClockConfig                    0x080008d0   Section        0  stm32f1xx_hal_rcc.o(i.HAL_RCC_ClockConfig)
    i.HAL_RCC_GetHCLKFreq                    0x08000a74   Section        0  stm32f1xx_hal_rcc.o(i.HAL_RCC_GetHCLKFreq)
    i.HAL_RCC_GetPCLK1Freq                   0x08000a80   Section        0  stm32f1xx_hal_rcc.o(i.HAL_RCC_GetPCLK1Freq)
    i.HAL_RCC_GetPCLK2Freq                   0x08000aa0   Section        0  stm32f1xx_hal_rcc.o(i.HAL_RCC_GetPCLK2Freq)
    i.HAL_RCC_GetSysClockFreq                0x08000ac0   Section        0  stm32f1xx_hal_rcc.o(i.HAL_RCC_GetSysClockFreq)
    i.HAL_RCC_OscConfig                      0x08000b54   Section        0  stm32f1xx_hal_rcc.o(i.HAL_RCC_OscConfig)
    i.HAL_SYSTICK_CLKSourceConfig            0x08000f94   Section        0  stm32f1xx_hal_cortex.o(i.HAL_SYSTICK_CLKSourceConfig)
    i.HAL_SYSTICK_Callback                   0x08000fbc   Section        0  stm32f1xx_hal_cortex.o(i.HAL_SYSTICK_Callback)
    i.HAL_SYSTICK_Config                     0x08000fbe   Section        0  stm32f1xx_hal_cortex.o(i.HAL_SYSTICK_Config)
    i.HAL_SYSTICK_IRQHandler                 0x08000ff2   Section        0  stm32f1xx_hal_cortex.o(i.HAL_SYSTICK_IRQHandler)
    i.HAL_SimpleCommunication                0x08000ffa   Section        0  api.o(i.HAL_SimpleCommunication)
    HAL_SimpleCommunication                  0x08000ffb   Thumb Code    86  api.o(i.HAL_SimpleCommunication)
    i.HAL_UART_ErrorCallback                 0x08001050   Section        0  stm32f1xx_hal_uart.o(i.HAL_UART_ErrorCallback)
    i.HAL_UART_IRQHandler                    0x08001054   Section        0  stm32f1xx_hal_uart.o(i.HAL_UART_IRQHandler)
    i.HAL_UART_Init                          0x080011a0   Section        0  stm32f1xx_hal_uart.o(i.HAL_UART_Init)
    i.HAL_UART_MspInit                       0x08001214   Section        0  usart.o(i.HAL_UART_MspInit)
    i.HAL_UART_Receive                       0x08001288   Section        0  stm32f1xx_hal_uart.o(i.HAL_UART_Receive)
    i.HAL_UART_Receive_IT                    0x08001366   Section        0  stm32f1xx_hal_uart.o(i.HAL_UART_Receive_IT)
    i.HAL_UART_RxCpltCallback                0x080013d8   Section        0  main.o(i.HAL_UART_RxCpltCallback)
    i.HAL_UART_Transmit                      0x080013e4   Section        0  stm32f1xx_hal_uart.o(i.HAL_UART_Transmit)
    i.HAL_UART_TxCpltCallback                0x080014ba   Section        0  stm32f1xx_hal_uart.o(i.HAL_UART_TxCpltCallback)
    i.HPS3D_GetDevAddr                       0x080014bc   Section        0  api.o(i.HPS3D_GetDevAddr)
    i.HPS3D_GetDeviceVersion                 0x0800154c   Section        0  api.o(i.HPS3D_GetDeviceVersion)
    i.HPS3D_Initialize                       0x080015f6   Section        0  api.o(i.HPS3D_Initialize)
    i.HPS3D_MeasureDataParse                 0x08001658   Section        0  api.o(i.HPS3D_MeasureDataParse)
    i.HPS3D_SetPacketType                    0x08001954   Section        0  api.o(i.HPS3D_SetPacketType)
    i.HPS3D_SetRunMode                       0x080019f8   Section        0  api.o(i.HPS3D_SetRunMode)
    i.HardFault_Handler                      0x08001a9c   Section        0  stm32f1xx_it.o(i.HardFault_Handler)
    i.MX_GPIO_Init                           0x08001aa0   Section        0  gpio.o(i.MX_GPIO_Init)
    i.MX_USART1_UART_Init                    0x08001b0c   Section        0  usart.o(i.MX_USART1_UART_Init)
    i.MemManage_Handler                      0x08001b58   Section        0  stm32f1xx_it.o(i.MemManage_Handler)
    i.NMI_Handler                            0x08001b5c   Section        0  stm32f1xx_it.o(i.NMI_Handler)
    i.NVIC_GetPriorityGrouping               0x08001b60   Section        0  stm32f1xx_hal_cortex.o(i.NVIC_GetPriorityGrouping)
    NVIC_GetPriorityGrouping                 0x08001b61   Thumb Code    10  stm32f1xx_hal_cortex.o(i.NVIC_GetPriorityGrouping)
    i.NVIC_SetPriority                       0x08001b70   Section        0  stm32f1xx_hal_cortex.o(i.NVIC_SetPriority)
    NVIC_SetPriority                         0x08001b71   Thumb Code    32  stm32f1xx_hal_cortex.o(i.NVIC_SetPriority)
    i.PendSV_Handler                         0x08001b98   Section        0  stm32f1xx_it.o(i.PendSV_Handler)
    i.RCC_Delay                              0x08001b9c   Section        0  stm32f1xx_hal_rcc.o(i.RCC_Delay)
    RCC_Delay                                0x08001b9d   Thumb Code    36  stm32f1xx_hal_rcc.o(i.RCC_Delay)
    i.SVC_Handler                            0x08001bc4   Section        0  stm32f1xx_it.o(i.SVC_Handler)
    i.SysTick_Handler                        0x08001bc6   Section        0  stm32f1xx_it.o(i.SysTick_Handler)
    i.SystemClock_Config                     0x08001bd4   Section        0  main.o(i.SystemClock_Config)
    i.SystemInit                             0x08001c60   Section        0  system_stm32f1xx.o(i.SystemInit)
    i.UART_DMAAbortOnError                   0x08001cb8   Section        0  stm32f1xx_hal_uart.o(i.UART_DMAAbortOnError)
    UART_DMAAbortOnError                     0x08001cb9   Thumb Code    20  stm32f1xx_hal_uart.o(i.UART_DMAAbortOnError)
    i.UART_EndRxTransfer                     0x08001ccc   Section        0  stm32f1xx_hal_uart.o(i.UART_EndRxTransfer)
    UART_EndRxTransfer                       0x08001ccd   Thumb Code    32  stm32f1xx_hal_uart.o(i.UART_EndRxTransfer)
    i.UART_EndTransmit_IT                    0x08001cec   Section        0  stm32f1xx_hal_uart.o(i.UART_EndTransmit_IT)
    UART_EndTransmit_IT                      0x08001ced   Thumb Code    32  stm32f1xx_hal_uart.o(i.UART_EndTransmit_IT)
    i.UART_Receive_IT                        0x08001d0c   Section        0  stm32f1xx_hal_uart.o(i.UART_Receive_IT)
    UART_Receive_IT                          0x08001d0d   Thumb Code   166  stm32f1xx_hal_uart.o(i.UART_Receive_IT)
    i.UART_SetConfig                         0x08001db4   Section        0  stm32f1xx_hal_uart.o(i.UART_SetConfig)
    UART_SetConfig                           0x08001db5   Thumb Code   450  stm32f1xx_hal_uart.o(i.UART_SetConfig)
    i.UART_Transmit_IT                       0x08001f7c   Section        0  stm32f1xx_hal_uart.o(i.UART_Transmit_IT)
    UART_Transmit_IT                         0x08001f7d   Thumb Code   104  stm32f1xx_hal_uart.o(i.UART_Transmit_IT)
    i.UART_WaitOnFlagUntilTimeout            0x08001fe4   Section        0  stm32f1xx_hal_uart.o(i.UART_WaitOnFlagUntilTimeout)
    UART_WaitOnFlagUntilTimeout              0x08001fe5   Thumb Code   108  stm32f1xx_hal_uart.o(i.UART_WaitOnFlagUntilTimeout)
    i.USART1_IRQHandler                      0x08002050   Section        0  stm32f1xx_it.o(i.USART1_IRQHandler)
    i.Uart_Read                              0x08002060   Section        0  hal.o(i.Uart_Read)
    i.Uart_Write                             0x0800207c   Section        0  hal.o(i.Uart_Write)
    i.UsageFault_Handler                     0x08002098   Section        0  stm32f1xx_it.o(i.UsageFault_Handler)
    i._Error_Handler                         0x0800209c   Section        0  main.o(i._Error_Handler)
    i.__scatterload_copy                     0x080020a0   Section       14  handlers.o(i.__scatterload_copy)
    i.__scatterload_null                     0x080020ae   Section        2  handlers.o(i.__scatterload_null)
    i.__scatterload_zeroinit                 0x080020b0   Section       14  handlers.o(i.__scatterload_zeroinit)
    i.crc16_cal                              0x080020c0   Section        0  crc.o(i.crc16_cal)
    i.main                                   0x080020fc   Section        0  main.o(i.main)
    .constdata                               0x080021e8   Section       24  system_stm32f1xx.o(.constdata)
    .constdata                               0x08002200   Section     1536  crc.o(.constdata)
    .data                                    0x20000000   Section        1  main.o(.data)
    .data                                    0x20000004   Section        9  stm32f1xx_hal.o(.data)
    .data                                    0x20000010   Section        4  system_stm32f1xx.o(.data)
    .bss                                     0x20000014   Section       64  usart.o(.bss)
    STACK                                    0x20000058   Section     2560  startup_stm32f103x6.o(STACK)

    Global Symbols

    Symbol Name                              Value     Ov Type        Size  Object(Section)

    BuildAttributes$$THM_ISAv4$P$D$K$B$S$PE$A:L22UL41UL21$X:L11$S22US41US21$IEEE1$IW$USESV6$~STKCKD$USESV7$~SHL$OTIME$ROPI$EBA8$MICROLIB$REQ8$PRES8$EABIv2 0x00000000   Number         0  anon$$obj.o ABSOLUTE
    __ARM_use_no_argv                        0x00000000   Number         0  main.o ABSOLUTE
    __cpp_initialize__aeabi_                  - Undefined Weak Reference
    __cxa_finalize                            - Undefined Weak Reference
    __decompress                              - Undefined Weak Reference
    _clock_init                               - Undefined Weak Reference
    _microlib_exit                            - Undefined Weak Reference
    __Vectors_Size                           0x000000ec   Number         0  startup_stm32f103x6.o ABSOLUTE
    __Vectors                                0x08000000   Data           4  startup_stm32f103x6.o(RESET)
    __Vectors_End                            0x080000ec   Data           0  startup_stm32f103x6.o(RESET)
    __main                                   0x080000ed   Thumb Code     0  entry.o(.ARM.Collect$$$$00000000)
    _main_stk                                0x080000ed   Thumb Code     0  entry2.o(.ARM.Collect$$$$00000001)
    _main_scatterload                        0x080000f1   Thumb Code     0  entry5.o(.ARM.Collect$$$$00000004)
    __main_after_scatterload                 0x080000f5   Thumb Code     0  entry5.o(.ARM.Collect$$$$00000004)
    _main_clock                              0x080000f5   Thumb Code     0  entry7b.o(.ARM.Collect$$$$00000008)
    _main_cpp_init                           0x080000f5   Thumb Code     0  entry8b.o(.ARM.Collect$$$$0000000A)
    _main_init                               0x080000f5   Thumb Code     0  entry9a.o(.ARM.Collect$$$$0000000B)
    __rt_final_cpp                           0x080000fd   Thumb Code     0  entry10a.o(.ARM.Collect$$$$0000000D)
    __rt_final_exit                          0x080000fd   Thumb Code     0  entry11a.o(.ARM.Collect$$$$0000000F)
    Reset_Handler                            0x08000101   Thumb Code     8  startup_stm32f103x6.o(.text)
    ADC1_2_IRQHandler                        0x0800011b   Thumb Code     0  startup_stm32f103x6.o(.text)
    CAN1_RX1_IRQHandler                      0x0800011b   Thumb Code     0  startup_stm32f103x6.o(.text)
    CAN1_SCE_IRQHandler                      0x0800011b   Thumb Code     0  startup_stm32f103x6.o(.text)
    DMA1_Channel1_IRQHandler                 0x0800011b   Thumb Code     0  startup_stm32f103x6.o(.text)
    DMA1_Channel2_IRQHandler                 0x0800011b   Thumb Code     0  startup_stm32f103x6.o(.text)
    DMA1_Channel3_IRQHandler                 0x0800011b   Thumb Code     0  startup_stm32f103x6.o(.text)
    DMA1_Channel4_IRQHandler                 0x0800011b   Thumb Code     0  startup_stm32f103x6.o(.text)
    DMA1_Channel5_IRQHandler                 0x0800011b   Thumb Code     0  startup_stm32f103x6.o(.text)
    DMA1_Channel6_IRQHandler                 0x0800011b   Thumb Code     0  startup_stm32f103x6.o(.text)
    DMA1_Channel7_IRQHandler                 0x0800011b   Thumb Code     0  startup_stm32f103x6.o(.text)
    EXTI0_IRQHandler                         0x0800011b   Thumb Code     0  startup_stm32f103x6.o(.text)
    EXTI15_10_IRQHandler                     0x0800011b   Thumb Code     0  startup_stm32f103x6.o(.text)
    EXTI1_IRQHandler                         0x0800011b   Thumb Code     0  startup_stm32f103x6.o(.text)
    EXTI2_IRQHandler                         0x0800011b   Thumb Code     0  startup_stm32f103x6.o(.text)
    EXTI3_IRQHandler                         0x0800011b   Thumb Code     0  startup_stm32f103x6.o(.text)
    EXTI4_IRQHandler                         0x0800011b   Thumb Code     0  startup_stm32f103x6.o(.text)
    EXTI9_5_IRQHandler                       0x0800011b   Thumb Code     0  startup_stm32f103x6.o(.text)
    FLASH_IRQHandler                         0x0800011b   Thumb Code     0  startup_stm32f103x6.o(.text)
    I2C1_ER_IRQHandler                       0x0800011b   Thumb Code     0  startup_stm32f103x6.o(.text)
    I2C1_EV_IRQHandler                       0x0800011b   Thumb Code     0  startup_stm32f103x6.o(.text)
    PVD_IRQHandler                           0x0800011b   Thumb Code     0  startup_stm32f103x6.o(.text)
    RCC_IRQHandler                           0x0800011b   Thumb Code     0  startup_stm32f103x6.o(.text)
    RTC_Alarm_IRQHandler                     0x0800011b   Thumb Code     0  startup_stm32f103x6.o(.text)
    RTC_IRQHandler                           0x0800011b   Thumb Code     0  startup_stm32f103x6.o(.text)
    SPI1_IRQHandler                          0x0800011b   Thumb Code     0  startup_stm32f103x6.o(.text)
    TAMPER_IRQHandler                        0x0800011b   Thumb Code     0  startup_stm32f103x6.o(.text)
    TIM1_BRK_IRQHandler                      0x0800011b   Thumb Code     0  startup_stm32f103x6.o(.text)
    TIM1_CC_IRQHandler                       0x0800011b   Thumb Code     0  startup_stm32f103x6.o(.text)
    TIM1_TRG_COM_IRQHandler                  0x0800011b   Thumb Code     0  startup_stm32f103x6.o(.text)
    TIM1_UP_IRQHandler                       0x0800011b   Thumb Code     0  startup_stm32f103x6.o(.text)
    TIM2_IRQHandler                          0x0800011b   Thumb Code     0  startup_stm32f103x6.o(.text)
    TIM3_IRQHandler                          0x0800011b   Thumb Code     0  startup_stm32f103x6.o(.text)
    USART2_IRQHandler                        0x0800011b   Thumb Code     0  startup_stm32f103x6.o(.text)
    USBWakeUp_IRQHandler                     0x0800011b   Thumb Code     0  startup_stm32f103x6.o(.text)
    USB_HP_CAN1_TX_IRQHandler                0x0800011b   Thumb Code     0  startup_stm32f103x6.o(.text)
    USB_LP_CAN1_RX0_IRQHandler               0x0800011b   Thumb Code     0  startup_stm32f103x6.o(.text)
    WWDG_IRQHandler                          0x0800011b   Thumb Code     0  startup_stm32f103x6.o(.text)
    __aeabi_memcpy                           0x08000125   Thumb Code    36  memcpya.o(.text)
    __aeabi_memcpy4                          0x08000125   Thumb Code     0  memcpya.o(.text)
    __aeabi_memcpy8                          0x08000125   Thumb Code     0  memcpya.o(.text)
    __aeabi_memset                           0x08000149   Thumb Code    14  memseta.o(.text)
    __aeabi_memset4                          0x08000149   Thumb Code     0  memseta.o(.text)
    __aeabi_memset8                          0x08000149   Thumb Code     0  memseta.o(.text)
    __aeabi_memclr                           0x08000157   Thumb Code     4  memseta.o(.text)
    __aeabi_memclr4                          0x08000157   Thumb Code     0  memseta.o(.text)
    __aeabi_memclr8                          0x08000157   Thumb Code     0  memseta.o(.text)
    _memset$wrapper                          0x0800015b   Thumb Code    18  memseta.o(.text)
    __scatterload                            0x0800016d   Thumb Code    28  init.o(.text)
    __scatterload_rt2                        0x0800016d   Thumb Code     0  init.o(.text)
    BusFault_Handler                         0x08000191   Thumb Code     4  stm32f1xx_it.o(i.BusFault_Handler)
    DebugMon_Handler                         0x080002d5   Thumb Code     2  stm32f1xx_it.o(i.DebugMon_Handler)
    Delay_Ms                                 0x080002d7   Thumb Code    12  hal.o(i.Delay_Ms)
    HAL_DMA_Abort_IT                         0x080002e5   Thumb Code   172  stm32f1xx_hal_dma.o(i.HAL_DMA_Abort_IT)
    HAL_Delay                                0x08000395   Thumb Code    36  stm32f1xx_hal.o(i.HAL_Delay)
    HAL_GPIO_Init                            0x080003bd   Thumb Code   748  stm32f1xx_hal_gpio.o(i.HAL_GPIO_Init)
    HAL_GPIO_WritePin                        0x080006c5   Thumb Code    12  stm32f1xx_hal_gpio.o(i.HAL_GPIO_WritePin)
    HAL_GetTick                              0x080006d1   Thumb Code     6  stm32f1xx_hal.o(i.HAL_GetTick)
    HAL_IncTick                              0x080006dd   Thumb Code    16  stm32f1xx_hal.o(i.HAL_IncTick)
    HAL_Init                                 0x080006f5   Thumb Code    34  stm32f1xx_hal.o(i.HAL_Init)
    HAL_InitTick                             0x0800071d   Thumb Code    64  stm32f1xx_hal.o(i.HAL_InitTick)
    HAL_MspInit                              0x08000769   Thumb Code   158  stm32f1xx_hal_msp.o(i.HAL_MspInit)
    HAL_NVIC_EnableIRQ                       0x08000811   Thumb Code    26  stm32f1xx_hal_cortex.o(i.HAL_NVIC_EnableIRQ)
    HAL_NVIC_SetPriority                     0x0800082b   Thumb Code   124  stm32f1xx_hal_cortex.o(i.HAL_NVIC_SetPriority)
    HAL_NVIC_SetPriorityGrouping             0x080008a9   Thumb Code    32  stm32f1xx_hal_cortex.o(i.HAL_NVIC_SetPriorityGrouping)
    HAL_RCC_ClockConfig                      0x080008d1   Thumb Code   402  stm32f1xx_hal_rcc.o(i.HAL_RCC_ClockConfig)
    HAL_RCC_GetHCLKFreq                      0x08000a75   Thumb Code     6  stm32f1xx_hal_rcc.o(i.HAL_RCC_GetHCLKFreq)
    HAL_RCC_GetPCLK1Freq                     0x08000a81   Thumb Code    22  stm32f1xx_hal_rcc.o(i.HAL_RCC_GetPCLK1Freq)
    HAL_RCC_GetPCLK2Freq                     0x08000aa1   Thumb Code    22  stm32f1xx_hal_rcc.o(i.HAL_RCC_GetPCLK2Freq)
    HAL_RCC_GetSysClockFreq                  0x08000ac1   Thumb Code   116  stm32f1xx_hal_rcc.o(i.HAL_RCC_GetSysClockFreq)
    HAL_RCC_OscConfig                        0x08000b55   Thumb Code  1078  stm32f1xx_hal_rcc.o(i.HAL_RCC_OscConfig)
    HAL_SYSTICK_CLKSourceConfig              0x08000f95   Thumb Code    40  stm32f1xx_hal_cortex.o(i.HAL_SYSTICK_CLKSourceConfig)
    HAL_SYSTICK_Callback                     0x08000fbd   Thumb Code     2  stm32f1xx_hal_cortex.o(i.HAL_SYSTICK_Callback)
    HAL_SYSTICK_Config                       0x08000fbf   Thumb Code    52  stm32f1xx_hal_cortex.o(i.HAL_SYSTICK_Config)
    HAL_SYSTICK_IRQHandler                   0x08000ff3   Thumb Code     8  stm32f1xx_hal_cortex.o(i.HAL_SYSTICK_IRQHandler)
    HAL_UART_ErrorCallback                   0x08001051   Thumb Code     2  stm32f1xx_hal_uart.o(i.HAL_UART_ErrorCallback)
    HAL_UART_IRQHandler                      0x08001055   Thumb Code   326  stm32f1xx_hal_uart.o(i.HAL_UART_IRQHandler)
    HAL_UART_Init                            0x080011a1   Thumb Code   114  stm32f1xx_hal_uart.o(i.HAL_UART_Init)
    HAL_UART_MspInit                         0x08001215   Thumb Code   102  usart.o(i.HAL_UART_MspInit)
    HAL_UART_Receive                         0x08001289   Thumb Code   222  stm32f1xx_hal_uart.o(i.HAL_UART_Receive)
    HAL_UART_Receive_IT                      0x08001367   Thumb Code   112  stm32f1xx_hal_uart.o(i.HAL_UART_Receive_IT)
    HAL_UART_RxCpltCallback                  0x080013d9   Thumb Code     8  main.o(i.HAL_UART_RxCpltCallback)
    HAL_UART_Transmit                        0x080013e5   Thumb Code   214  stm32f1xx_hal_uart.o(i.HAL_UART_Transmit)
    HAL_UART_TxCpltCallback                  0x080014bb   Thumb Code     2  stm32f1xx_hal_uart.o(i.HAL_UART_TxCpltCallback)
    HPS3D_GetDevAddr                         0x080014bd   Thumb Code   144  api.o(i.HPS3D_GetDevAddr)
    HPS3D_GetDeviceVersion                   0x0800154d   Thumb Code   170  api.o(i.HPS3D_GetDeviceVersion)
    HPS3D_Initialize                         0x080015f7   Thumb Code    98  api.o(i.HPS3D_Initialize)
    HPS3D_MeasureDataParse                   0x08001659   Thumb Code   764  api.o(i.HPS3D_MeasureDataParse)
    HPS3D_SetPacketType                      0x08001955   Thumb Code   164  api.o(i.HPS3D_SetPacketType)
    HPS3D_SetRunMode                         0x080019f9   Thumb Code   164  api.o(i.HPS3D_SetRunMode)
    HardFault_Handler                        0x08001a9d   Thumb Code     4  stm32f1xx_it.o(i.HardFault_Handler)
    MX_GPIO_Init                             0x08001aa1   Thumb Code   100  gpio.o(i.MX_GPIO_Init)
    MX_USART1_UART_Init                      0x08001b0d   Thumb Code    50  usart.o(i.MX_USART1_UART_Init)
    MemManage_Handler                        0x08001b59   Thumb Code     4  stm32f1xx_it.o(i.MemManage_Handler)
    NMI_Handler                              0x08001b5d   Thumb Code     2  stm32f1xx_it.o(i.NMI_Handler)
    PendSV_Handler                           0x08001b99   Thumb Code     2  stm32f1xx_it.o(i.PendSV_Handler)
    SVC_Handler                              0x08001bc5   Thumb Code     2  stm32f1xx_it.o(i.SVC_Handler)
    SysTick_Handler                          0x08001bc7   Thumb Code    12  stm32f1xx_it.o(i.SysTick_Handler)
    SystemClock_Config                       0x08001bd5   Thumb Code   124  main.o(i.SystemClock_Config)
    SystemInit                               0x08001c61   Thumb Code    70  system_stm32f1xx.o(i.SystemInit)
    USART1_IRQHandler                        0x08002051   Thumb Code    10  stm32f1xx_it.o(i.USART1_IRQHandler)
    Uart_Read                                0x08002061   Thumb Code    22  hal.o(i.Uart_Read)
    Uart_Write                               0x0800207d   Thumb Code    22  hal.o(i.Uart_Write)
    UsageFault_Handler                       0x08002099   Thumb Code     4  stm32f1xx_it.o(i.UsageFault_Handler)
    _Error_Handler                           0x0800209d   Thumb Code     4  main.o(i._Error_Handler)
    __scatterload_copy                       0x080020a1   Thumb Code    14  handlers.o(i.__scatterload_copy)
    __scatterload_null                       0x080020af   Thumb Code     2  handlers.o(i.__scatterload_null)
    __scatterload_zeroinit                   0x080020b1   Thumb Code    14  handlers.o(i.__scatterload_zeroinit)
    crc16_cal                                0x080020c1   Thumb Code    56  crc.o(i.crc16_cal)
    main                                     0x080020fd   Thumb Code   224  main.o(i.main)
    AHBPrescTable                            0x080021e8   Data          16  system_stm32f1xx.o(.constdata)
    APBPrescTable                            0x080021f8   Data           8  system_stm32f1xx.o(.constdata)
    crcTable                                 0x08002200   Data        1024  crc.o(.constdata)
    crc_ta_8                                 0x08002600   Data         512  crc.o(.constdata)
    Region$$Table$$Base                      0x08002800   Number         0  anon$$obj.o(Region$$Table)
    Region$$Table$$Limit                     0x08002820   Number         0  anon$$obj.o(Region$$Table)
    g_s_uart_rx_done                         0x20000000   Data           1  main.o(.data)
    uwTick                                   0x20000004   Data           4  stm32f1xx_hal.o(.data)
    uwTickPrio                               0x20000008   Data           4  stm32f1xx_hal.o(.data)
    uwTickFreq                               0x2000000c   Data           1  stm32f1xx_hal.o(.data)
    SystemCoreClock                          0x20000010   Data           4  system_stm32f1xx.o(.data)
    huart1                                   0x20000014   Data          64  usart.o(.bss)
    __initial_sp                             0x20000a58   Data           0  startup_stm32f103x6.o(STACK)



==============================================================================

Memory Map of the image

  Image Entry point : 0x080000ed

  Load Region LR_IROM1 (Base: 0x08000000, Size: 0x00002834, Max: 0x00008000, ABSOLUTE)

    Execution Region ER_IROM1 (Exec base: 0x08000000, Load base: 0x08000000, Size: 0x00002820, Max: 0x00008000, ABSOLUTE)

    Exec Addr    Load Addr    Size         Type   Attr      Idx    E Section Name        Object

    0x08000000   0x08000000   0x000000ec   Data   RO            3    RESET               startup_stm32f103x6.o
    0x080000ec   0x080000ec   0x00000000   Code   RO         2084  * .ARM.Collect$$$$00000000  mc_w.l(entry.o)
    0x080000ec   0x080000ec   0x00000004   Code   RO         2105    .ARM.Collect$$$$00000001  mc_w.l(entry2.o)
    0x080000f0   0x080000f0   0x00000004   Code   RO         2108    .ARM.Collect$$$$00000004  mc_w.l(entry5.o)
    0x080000f4   0x080000f4   0x00000000   Code   RO         2110    .ARM.Collect$$$$00000008  mc_w.l(entry7b.o)
    0x080000f4   0x080000f4   0x00000000   Code   RO         2112    .ARM.Collect$$$$0000000A  mc_w.l(entry8b.o)
    0x080000f4   0x080000f4   0x00000008   Code   RO         2113    .ARM.Collect$$$$0000000B  mc_w.l(entry9a.o)
    0x080000fc   0x080000fc   0x00000000   Code   RO         2115    .ARM.Collect$$$$0000000D  mc_w.l(entry10a.o)
    0x080000fc   0x080000fc   0x00000000   Code   RO         2117    .ARM.Collect$$$$0000000F  mc_w.l(entry11a.o)
    0x080000fc   0x080000fc   0x00000004   Code   RO         2106    .ARM.Collect$$$$00002712  mc_w.l(entry2.o)
    0x08000100   0x08000100   0x00000024   Code   RO            4    .text               startup_stm32f103x6.o
    0x08000124   0x08000124   0x00000024   Code   RO         2089    .text               mc_w.l(memcpya.o)
    0x08000148   0x08000148   0x00000024   Code   RO         2091    .text               mc_w.l(memseta.o)
    0x0800016c   0x0800016c   0x00000024   Code   RO         2122    .text               mc_w.l(init.o)
    0x08000190   0x08000190   0x00000004   Code   RO          284    i.BusFault_Handler  stm32f1xx_it.o
    0x08000194   0x08000194   0x0000005e   Code   RO         1746    i.CRC_VerifyPacket  api.o
    0x080001f2   0x080001f2   0x00000076   Code   RO         1747    i.Cmd_CreatePack    api.o
    0x08000268   0x08000268   0x0000006c   Code   RO         1748    i.Cmd_UnPack        api.o
    0x080002d4   0x080002d4   0x00000002   Code   RO          285    i.DebugMon_Handler  stm32f1xx_it.o
    0x080002d6   0x080002d6   0x0000000c   Code   RO         2051    i.Delay_Ms          hal.o
    0x080002e2   0x080002e2   0x00000002   PAD
    0x080002e4   0x080002e4   0x000000b0   Code   RO         1163    i.HAL_DMA_Abort_IT  stm32f1xx_hal_dma.o
    0x08000394   0x08000394   0x00000028   Code   RO          800    i.HAL_Delay         stm32f1xx_hal.o
    0x080003bc   0x080003bc   0x00000308   Code   RO         1098    i.HAL_GPIO_Init     stm32f1xx_hal_gpio.o
    0x080006c4   0x080006c4   0x0000000c   Code   RO         1102    i.HAL_GPIO_WritePin  stm32f1xx_hal_gpio.o
    0x080006d0   0x080006d0   0x0000000c   Code   RO          804    i.HAL_GetTick       stm32f1xx_hal.o
    0x080006dc   0x080006dc   0x00000018   Code   RO          808    i.HAL_IncTick       stm32f1xx_hal.o
    0x080006f4   0x080006f4   0x00000028   Code   RO          809    i.HAL_Init          stm32f1xx_hal.o
    0x0800071c   0x0800071c   0x0000004c   Code   RO          810    i.HAL_InitTick      stm32f1xx_hal.o
    0x08000768   0x08000768   0x000000a8   Code   RO          366    i.HAL_MspInit       stm32f1xx_hal_msp.o
    0x08000810   0x08000810   0x0000001a   Code   RO         1258    i.HAL_NVIC_EnableIRQ  stm32f1xx_hal_cortex.o
    0x0800082a   0x0800082a   0x0000007c   Code   RO         1264    i.HAL_NVIC_SetPriority  stm32f1xx_hal_cortex.o
    0x080008a6   0x080008a6   0x00000002   PAD
    0x080008a8   0x080008a8   0x00000028   Code   RO         1265    i.HAL_NVIC_SetPriorityGrouping  stm32f1xx_hal_cortex.o
    0x080008d0   0x080008d0   0x000001a4   Code   RO          953    i.HAL_RCC_ClockConfig  stm32f1xx_hal_rcc.o
    0x08000a74   0x08000a74   0x0000000c   Code   RO          958    i.HAL_RCC_GetHCLKFreq  stm32f1xx_hal_rcc.o
    0x08000a80   0x08000a80   0x00000020   Code   RO          960    i.HAL_RCC_GetPCLK1Freq  stm32f1xx_hal_rcc.o
    0x08000aa0   0x08000aa0   0x00000020   Code   RO          961    i.HAL_RCC_GetPCLK2Freq  stm32f1xx_hal_rcc.o
    0x08000ac0   0x08000ac0   0x00000094   Code   RO          962    i.HAL_RCC_GetSysClockFreq  stm32f1xx_hal_rcc.o
    0x08000b54   0x08000b54   0x00000440   Code   RO          965    i.HAL_RCC_OscConfig  stm32f1xx_hal_rcc.o
    0x08000f94   0x08000f94   0x00000028   Code   RO         1267    i.HAL_SYSTICK_CLKSourceConfig  stm32f1xx_hal_cortex.o
    0x08000fbc   0x08000fbc   0x00000002   Code   RO         1268    i.HAL_SYSTICK_Callback  stm32f1xx_hal_cortex.o
    0x08000fbe   0x08000fbe   0x00000034   Code   RO         1269    i.HAL_SYSTICK_Config  stm32f1xx_hal_cortex.o
    0x08000ff2   0x08000ff2   0x00000008   Code   RO         1270    i.HAL_SYSTICK_IRQHandler  stm32f1xx_hal_cortex.o
    0x08000ffa   0x08000ffa   0x00000056   Code   RO         1749    i.HAL_SimpleCommunication  api.o
    0x08001050   0x08001050   0x00000002   Code   RO          483    i.HAL_UART_ErrorCallback  stm32f1xx_hal_uart.o
    0x08001052   0x08001052   0x00000002   PAD
    0x08001054   0x08001054   0x0000014c   Code   RO          486    i.HAL_UART_IRQHandler  stm32f1xx_hal_uart.o
    0x080011a0   0x080011a0   0x00000072   Code   RO          487    i.HAL_UART_Init     stm32f1xx_hal_uart.o
    0x08001212   0x08001212   0x00000002   PAD
    0x08001214   0x08001214   0x00000074   Code   RO          243    i.HAL_UART_MspInit  usart.o
    0x08001288   0x08001288   0x000000de   Code   RO          490    i.HAL_UART_Receive  stm32f1xx_hal_uart.o
    0x08001366   0x08001366   0x00000070   Code   RO          492    i.HAL_UART_Receive_IT  stm32f1xx_hal_uart.o
    0x080013d6   0x080013d6   0x00000002   PAD
    0x080013d8   0x080013d8   0x0000000c   Code   RO           95    i.HAL_UART_RxCpltCallback  main.o
    0x080013e4   0x080013e4   0x000000d6   Code   RO          495    i.HAL_UART_Transmit  stm32f1xx_hal_uart.o
    0x080014ba   0x080014ba   0x00000002   Code   RO          498    i.HAL_UART_TxCpltCallback  stm32f1xx_hal_uart.o
    0x080014bc   0x080014bc   0x00000090   Code   RO         1750    i.HPS3D_GetDevAddr  api.o
    0x0800154c   0x0800154c   0x000000aa   Code   RO         1751    i.HPS3D_GetDeviceVersion  api.o
    0x080015f6   0x080015f6   0x00000062   Code   RO         1763    i.HPS3D_Initialize  api.o
    0x08001658   0x08001658   0x000002fc   Code   RO         1764    i.HPS3D_MeasureDataParse  api.o
    0x08001954   0x08001954   0x000000a4   Code   RO         1780    i.HPS3D_SetPacketType  api.o
    0x080019f8   0x080019f8   0x000000a4   Code   RO         1787    i.HPS3D_SetRunMode  api.o
    0x08001a9c   0x08001a9c   0x00000004   Code   RO          286    i.HardFault_Handler  stm32f1xx_it.o
    0x08001aa0   0x08001aa0   0x0000006c   Code   RO          218    i.MX_GPIO_Init      gpio.o
    0x08001b0c   0x08001b0c   0x0000004c   Code   RO          244    i.MX_USART1_UART_Init  usart.o
    0x08001b58   0x08001b58   0x00000004   Code   RO          287    i.MemManage_Handler  stm32f1xx_it.o
    0x08001b5c   0x08001b5c   0x00000002   Code   RO          288    i.NMI_Handler       stm32f1xx_it.o
    0x08001b5e   0x08001b5e   0x00000002   PAD
    0x08001b60   0x08001b60   0x00000010   Code   RO         1271    i.NVIC_GetPriorityGrouping  stm32f1xx_hal_cortex.o
    0x08001b70   0x08001b70   0x00000028   Code   RO         1272    i.NVIC_SetPriority  stm32f1xx_hal_cortex.o
    0x08001b98   0x08001b98   0x00000002   Code   RO          289    i.PendSV_Handler    stm32f1xx_it.o
    0x08001b9a   0x08001b9a   0x00000002   PAD
    0x08001b9c   0x08001b9c   0x00000028   Code   RO          966    i.RCC_Delay         stm32f1xx_hal_rcc.o
    0x08001bc4   0x08001bc4   0x00000002   Code   RO          290    i.SVC_Handler       stm32f1xx_it.o
    0x08001bc6   0x08001bc6   0x0000000c   Code   RO          291    i.SysTick_Handler   stm32f1xx_it.o
    0x08001bd2   0x08001bd2   0x00000002   PAD
    0x08001bd4   0x08001bd4   0x0000008c   Code   RO           96    i.SystemClock_Config  main.o
    0x08001c60   0x08001c60   0x00000058   Code   RO         1713    i.SystemInit        system_stm32f1xx.o
    0x08001cb8   0x08001cb8   0x00000014   Code   RO          500    i.UART_DMAAbortOnError  stm32f1xx_hal_uart.o
    0x08001ccc   0x08001ccc   0x00000020   Code   RO          510    i.UART_EndRxTransfer  stm32f1xx_hal_uart.o
    0x08001cec   0x08001cec   0x00000020   Code   RO          511    i.UART_EndTransmit_IT  stm32f1xx_hal_uart.o
    0x08001d0c   0x08001d0c   0x000000a6   Code   RO          513    i.UART_Receive_IT   stm32f1xx_hal_uart.o
    0x08001db2   0x08001db2   0x00000002   PAD
    0x08001db4   0x08001db4   0x000001c8   Code   RO          514    i.UART_SetConfig    stm32f1xx_hal_uart.o
    0x08001f7c   0x08001f7c   0x00000068   Code   RO          515    i.UART_Transmit_IT  stm32f1xx_hal_uart.o
    0x08001fe4   0x08001fe4   0x0000006c   Code   RO          516    i.UART_WaitOnFlagUntilTimeout  stm32f1xx_hal_uart.o
    0x08002050   0x08002050   0x00000010   Code   RO          292    i.USART1_IRQHandler  stm32f1xx_it.o
    0x08002060   0x08002060   0x0000001c   Code   RO         2052    i.Uart_Read         hal.o
    0x0800207c   0x0800207c   0x0000001c   Code   RO         2053    i.Uart_Write        hal.o
    0x08002098   0x08002098   0x00000004   Code   RO          293    i.UsageFault_Handler  stm32f1xx_it.o
    0x0800209c   0x0800209c   0x00000004   Code   RO           97    i._Error_Handler    main.o
    0x080020a0   0x080020a0   0x0000000e   Code   RO         2126    i.__scatterload_copy  mc_w.l(handlers.o)
    0x080020ae   0x080020ae   0x00000002   Code   RO         2127    i.__scatterload_null  mc_w.l(handlers.o)
    0x080020b0   0x080020b0   0x0000000e   Code   RO         2128    i.__scatterload_zeroinit  mc_w.l(handlers.o)
    0x080020be   0x080020be   0x00000002   PAD
    0x080020c0   0x080020c0   0x0000003c   Code   RO         2027    i.crc16_cal         crc.o
    0x080020fc   0x080020fc   0x000000ec   Code   RO           98    i.main              main.o
    0x080021e8   0x080021e8   0x00000018   Data   RO         1714    .constdata          system_stm32f1xx.o
    0x08002200   0x08002200   0x00000600   Data   RO         2029    .constdata          crc.o
    0x08002800   0x08002800   0x00000020   Data   RO         2124    Region$$Table       anon$$obj.o


    Execution Region RW_IRAM1 (Exec base: 0x20000000, Load base: 0x08002820, Size: 0x00000a58, Max: 0x00002800, ABSOLUTE)

    Exec Addr    Load Addr    Size         Type   Attr      Idx    E Section Name        Object

    0x20000000   0x08002820   0x00000001   Data   RW           99    .data               main.o
    0x20000001   0x08002821   0x00000003   PAD
    0x20000004   0x08002824   0x00000009   Data   RW          816    .data               stm32f1xx_hal.o
    0x2000000d   0x0800282d   0x00000003   PAD
    0x20000010   0x08002830   0x00000004   Data   RW         1715    .data               system_stm32f1xx.o
    0x20000014        -       0x00000040   Zero   RW          245    .bss                usart.o
    0x20000054   0x08002834   0x00000004   PAD
    0x20000058        -       0x00000a00   Zero   RW            1    STACK               startup_stm32f103x6.o


==============================================================================

Image component sizes


      Code (inc. data)   RO Data    RW Data    ZI Data      Debug   Object Name

      1910          0          0          0          0       9889   api.o
        60          4       1536          0          0       1336   crc.o
         0          0          0          0          0       4508   fifo.o
       108          8          0          0          0        895   gpio.o
        68         12          0          0          0       2188   hal.o
       392         32          0          1          0     401102   main.o
        36          8        236          0       2560        836   startup_stm32f103x6.o
       192         36          0          9          0       4057   stm32f1xx_hal.o
       348         22          0          0          0      28157   stm32f1xx_hal_cortex.o
       176          4          0          0          0       1155   stm32f1xx_hal_dma.o
       788         28          0          0          0       2744   stm32f1xx_hal_gpio.o
       168         10          0          0          0       1002   stm32f1xx_hal_msp.o
      1772        108          0          0          0       6200   stm32f1xx_hal_rcc.o
      1916         12          0          0          0      10934   stm32f1xx_hal_uart.o
        52          6          0          0          0       4598   stm32f1xx_it.o
        88         18         24          4          0       1259   system_stm32f1xx.o
       192         40          0          0         64       1722   usart.o

    ----------------------------------------------------------------------
      8284        348       1828         20       2628     482582   Object Totals
         0          0         32          0          0          0   (incl. Generated)
        18          0          0          6          4          0   (incl. Padding)

    ----------------------------------------------------------------------

      Code (inc. data)   RO Data    RW Data    ZI Data      Debug   Library Member Name

         0          0          0          0          0          0   entry.o
         0          0          0          0          0          0   entry10a.o
         0          0          0          0          0          0   entry11a.o
         8          4          0          0          0          0   entry2.o
         4          0          0          0          0          0   entry5.o
         0          0          0          0          0          0   entry7b.o
         0          0          0          0          0          0   entry8b.o
         8          4          0          0          0          0   entry9a.o
        30          0          0          0          0          0   handlers.o
        36          8          0          0          0         68   init.o
        36          0          0          0          0         68   memcpya.o
        36          0          0          0          0        108   memseta.o

    ----------------------------------------------------------------------
       160         16          0          0          0        244   Library Totals
         2          0          0          0          0          0   (incl. Padding)

    ----------------------------------------------------------------------

      Code (inc. data)   RO Data    RW Data    ZI Data      Debug   Library Name

       158         16          0          0          0        244   mc_w.l

    ----------------------------------------------------------------------
       160         16          0          0          0        244   Library Totals

    ----------------------------------------------------------------------

==============================================================================


      Code (inc. data)   RO Data    RW Data    ZI Data      Debug   

      8444        364       1828         20       2628     479494   Grand Totals
      8444        364       1828         20       2628     479494   ELF Image Totals
      8444        364       1828         20          0          0   ROM Totals

==============================================================================

    Total RO  Size (Code + RO Data)                10272 (  10.03kB)
    Total RW  Size (RW Data + ZI Data)              2648 (   2.59kB)
    Total ROM Size (Code + RO Data + RW Data)      10292 (  10.05kB)

==============================================================================

